Archive member included to satisfy reference by file (symbol)

/Users/leixiaoxiang/opt/gcc-arm-none-eabi/bin/../lib/gcc/arm-none-eabi/5.4.1/../../../../arm-none-eabi/lib/armv7-m/libc_nano.a(lib_a-exit.o)
                              /Users/leixiaoxiang/opt/gcc-arm-none-eabi/bin/../lib/gcc/arm-none-eabi/5.4.1/../../../../arm-none-eabi/lib/armv7-m/crt0.o (exit)
/Users/leixiaoxiang/opt/gcc-arm-none-eabi/bin/../lib/gcc/arm-none-eabi/5.4.1/../../../../arm-none-eabi/lib/armv7-m/libc_nano.a(lib_a-impure.o)
                              /Users/leixiaoxiang/opt/gcc-arm-none-eabi/bin/../lib/gcc/arm-none-eabi/5.4.1/../../../../arm-none-eabi/lib/armv7-m/libc_nano.a(lib_a-exit.o) (_global_impure_ptr)
/Users/leixiaoxiang/opt/gcc-arm-none-eabi/bin/../lib/gcc/arm-none-eabi/5.4.1/../../../../arm-none-eabi/lib/armv7-m/libc_nano.a(lib_a-init.o)
                              /Users/leixiaoxiang/opt/gcc-arm-none-eabi/bin/../lib/gcc/arm-none-eabi/5.4.1/../../../../arm-none-eabi/lib/armv7-m/crt0.o (__libc_init_array)
/Users/leixiaoxiang/opt/gcc-arm-none-eabi/bin/../lib/gcc/arm-none-eabi/5.4.1/../../../../arm-none-eabi/lib/armv7-m/libc_nano.a(lib_a-memcpy-stub.o)
                              build/Control_usart.o (memcpy)
/Users/leixiaoxiang/opt/gcc-arm-none-eabi/bin/../lib/gcc/arm-none-eabi/5.4.1/../../../../arm-none-eabi/lib/armv7-m/libc_nano.a(lib_a-memset.o)
                              /Users/leixiaoxiang/opt/gcc-arm-none-eabi/bin/../lib/gcc/arm-none-eabi/5.4.1/../../../../arm-none-eabi/lib/armv7-m/crt0.o (memset)
/Users/leixiaoxiang/opt/gcc-arm-none-eabi/bin/../lib/gcc/arm-none-eabi/5.4.1/../../../../arm-none-eabi/lib/armv7-m/libc_nano.a(lib_a-puts.o)
                              build/main.o (puts)
/Users/leixiaoxiang/opt/gcc-arm-none-eabi/bin/../lib/gcc/arm-none-eabi/5.4.1/../../../../arm-none-eabi/lib/armv7-m/libc_nano.a(lib_a-wbuf.o)
                              /Users/leixiaoxiang/opt/gcc-arm-none-eabi/bin/../lib/gcc/arm-none-eabi/5.4.1/../../../../arm-none-eabi/lib/armv7-m/libc_nano.a(lib_a-puts.o) (__swbuf_r)
/Users/leixiaoxiang/opt/gcc-arm-none-eabi/bin/../lib/gcc/arm-none-eabi/5.4.1/../../../../arm-none-eabi/lib/armv7-m/libc_nano.a(lib_a-wsetup.o)
                              /Users/leixiaoxiang/opt/gcc-arm-none-eabi/bin/../lib/gcc/arm-none-eabi/5.4.1/../../../../arm-none-eabi/lib/armv7-m/libc_nano.a(lib_a-puts.o) (__swsetup_r)
/Users/leixiaoxiang/opt/gcc-arm-none-eabi/bin/../lib/gcc/arm-none-eabi/5.4.1/../../../../arm-none-eabi/lib/armv7-m/libc_nano.a(lib_a-fflush.o)
                              /Users/leixiaoxiang/opt/gcc-arm-none-eabi/bin/../lib/gcc/arm-none-eabi/5.4.1/../../../../arm-none-eabi/lib/armv7-m/libc_nano.a(lib_a-wbuf.o) (_fflush_r)
/Users/leixiaoxiang/opt/gcc-arm-none-eabi/bin/../lib/gcc/arm-none-eabi/5.4.1/../../../../arm-none-eabi/lib/armv7-m/libc_nano.a(lib_a-findfp.o)
                              /Users/leixiaoxiang/opt/gcc-arm-none-eabi/bin/../lib/gcc/arm-none-eabi/5.4.1/../../../../arm-none-eabi/lib/armv7-m/libc_nano.a(lib_a-puts.o) (__sinit)
/Users/leixiaoxiang/opt/gcc-arm-none-eabi/bin/../lib/gcc/arm-none-eabi/5.4.1/../../../../arm-none-eabi/lib/armv7-m/libc_nano.a(lib_a-fwalk.o)
                              /Users/leixiaoxiang/opt/gcc-arm-none-eabi/bin/../lib/gcc/arm-none-eabi/5.4.1/../../../../arm-none-eabi/lib/armv7-m/libc_nano.a(lib_a-findfp.o) (_fwalk)
/Users/leixiaoxiang/opt/gcc-arm-none-eabi/bin/../lib/gcc/arm-none-eabi/5.4.1/../../../../arm-none-eabi/lib/armv7-m/libc_nano.a(lib_a-makebuf.o)
                              /Users/leixiaoxiang/opt/gcc-arm-none-eabi/bin/../lib/gcc/arm-none-eabi/5.4.1/../../../../arm-none-eabi/lib/armv7-m/libc_nano.a(lib_a-wsetup.o) (__smakebuf_r)
/Users/leixiaoxiang/opt/gcc-arm-none-eabi/bin/../lib/gcc/arm-none-eabi/5.4.1/../../../../arm-none-eabi/lib/armv7-m/libc_nano.a(lib_a-nano-freer.o)
                              /Users/leixiaoxiang/opt/gcc-arm-none-eabi/bin/../lib/gcc/arm-none-eabi/5.4.1/../../../../arm-none-eabi/lib/armv7-m/libc_nano.a(lib_a-wsetup.o) (_free_r)
/Users/leixiaoxiang/opt/gcc-arm-none-eabi/bin/../lib/gcc/arm-none-eabi/5.4.1/../../../../arm-none-eabi/lib/armv7-m/libc_nano.a(lib_a-nano-mallocr.o)
                              /Users/leixiaoxiang/opt/gcc-arm-none-eabi/bin/../lib/gcc/arm-none-eabi/5.4.1/../../../../arm-none-eabi/lib/armv7-m/libc_nano.a(lib_a-findfp.o) (_malloc_r)
/Users/leixiaoxiang/opt/gcc-arm-none-eabi/bin/../lib/gcc/arm-none-eabi/5.4.1/../../../../arm-none-eabi/lib/armv7-m/libc_nano.a(lib_a-sbrkr.o)
                              /Users/leixiaoxiang/opt/gcc-arm-none-eabi/bin/../lib/gcc/arm-none-eabi/5.4.1/../../../../arm-none-eabi/lib/armv7-m/libc_nano.a(lib_a-nano-mallocr.o) (_sbrk_r)
/Users/leixiaoxiang/opt/gcc-arm-none-eabi/bin/../lib/gcc/arm-none-eabi/5.4.1/../../../../arm-none-eabi/lib/armv7-m/libc_nano.a(lib_a-stdio.o)
                              /Users/leixiaoxiang/opt/gcc-arm-none-eabi/bin/../lib/gcc/arm-none-eabi/5.4.1/../../../../arm-none-eabi/lib/armv7-m/libc_nano.a(lib_a-findfp.o) (__sread)
[...]
Memory Configuration

Name             Origin             Length             Attributes
RAM              0x0000000020000000 0x0000000000010000 xrw
FLASH            0x0000000008000000 0x0000000000080000 xr
*default*        0x0000000000000000 0xffffffffffffffff

Linker script and memory map

LOAD /Users/leixiaoxiang/opt/gcc-arm-none-eabi/bin/../lib/gcc/arm-none-eabi/5.4.1/armv7-m/crti.o
LOAD /Users/leixiaoxiang/opt/gcc-arm-none-eabi/bin/../lib/gcc/arm-none-eabi/5.4.1/armv7-m/crtbegin.o
LOAD /Users/leixiaoxiang/opt/gcc-arm-none-eabi/bin/../lib/gcc/arm-none-eabi/5.4.1/../../../../arm-none-eabi/lib/armv7-m/crt0.o
LOAD build/main.o
LOAD build/gpio.o
LOAD build/usart.o
LOAD build/Control_usart.o
LOAD build/stm32f1xx_it.o
LOAD build/stm32f1xx_hal_msp.o
LOAD build/stm32f1xx_hal_gpio_ex.o
LOAD build/stm32f1xx_hal_tim.o
LOAD build/stm32f1xx_hal_tim_ex.o
LOAD build/stm32f1xx_hal_uart.o
LOAD build/stm32f1xx_hal.o
LOAD build/stm32f1xx_hal_rcc.o
LOAD build/stm32f1xx_hal_rcc_ex.o
LOAD build/stm32f1xx_hal_gpio.o
LOAD build/stm32f1xx_hal_dma.o
LOAD build/stm32f1xx_hal_cortex.o
LOAD build/stm32f1xx_hal_pwr.o
LOAD build/stm32f1xx_hal_flash.o
LOAD build/stm32f1xx_hal_flash_ex.o
LOAD build/stm32f1xx_hal_exti.o
LOAD build/system_stm32f1xx.o
LOAD build/startup_stm32f103xe.o
LOAD /Users/leixiaoxiang/opt/gcc-arm-none-eabi/bin/../lib/gcc/arm-none-eabi/5.4.1/../../../../arm-none-eabi/lib/armv7-m/libc_nano.a
LOAD /Users/leixiaoxiang/opt/gcc-arm-none-eabi/bin/../lib/gcc/arm-none-eabi/5.4.1/../../../../arm-none-eabi/lib/armv7-m/libm.a
LOAD /Users/leixiaoxiang/opt/gcc-arm-none-eabi/bin/../lib/gcc/arm-none-eabi/5.4.1/../../../../arm-none-eabi/lib/armv7-m/libnosys.a
START GROUP
LOAD /Users/leixiaoxiang/opt/gcc-arm-none-eabi/bin/../lib/gcc/arm-none-eabi/5.4.1/armv7-m/libgcc.a
LOAD /Users/leixiaoxiang/opt/gcc-arm-none-eabi/bin/../lib/gcc/arm-none-eabi/5.4.1/../../../../arm-none-eabi/lib/armv7-m/libc_nano.a
END GROUP
START GROUP
LOAD /Users/leixiaoxiang/opt/gcc-arm-none-eabi/bin/../lib/gcc/arm-none-eabi/5.4.1/armv7-m/libgcc.a
LOAD /Users/leixiaoxiang/opt/gcc-arm-none-eabi/bin/../lib/gcc/arm-none-eabi/5.4.1/../../../../arm-none-eabi/lib/armv7-m/libc_nano.a
END GROUP
LOAD /Users/leixiaoxiang/opt/gcc-arm-none-eabi/bin/../lib/gcc/arm-none-eabi/5.4.1/armv7-m/crtend.o
LOAD /Users/leixiaoxiang/opt/gcc-arm-none-eabi/bin/../lib/gcc/arm-none-eabi/5.4.1/armv7-m/crtn.o
                0x0000000020010000                _estack = 0x20010000
                0x0000000000000200                _Min_Heap_Size = 0x200
                0x0000000000000400                _Min_Stack_Size = 0x400

.isr_vector     0x0000000008000000      0x1e4
                0x0000000008000000                . = ALIGN (0x4)
 *(.isr_vector)
 .isr_vector    0x0000000008000000      0x1e4 build/startup_stm32f103xe.o
                0x0000000008000000                g_pfnVectors
                0x00000000080001e4                . = ALIGN (0x4)

.text           0x00000000080001e4     0x209c
                0x00000000080001e4                . = ALIGN (0x4)
 *(.text)
 .text          0x00000000080001e4       0x5c /Users/leixiaoxiang/opt/gcc-arm-none-eabi/bin/../lib/gcc/arm-none-eabi/5.4.1/armv7-m/crtbegin.o
 *(.text*)
 .text.SystemClock_Config
                0x0000000008000240       0x54 build/main.o
                0x0000000008000240                SystemClock_Config
 .text.main     0x0000000008000294       0x28 build/main.o
                0x0000000008000294                main
 .text.Error_Handler
                0x00000000080002bc        0x4 build/main.o
                0x00000000080002bc                Error_Handler
 .text.MX_GPIO_Init
                0x00000000080002c0       0x54 build/gpio.o
                0x00000000080002c0                MX_GPIO_Init
 .text.HAL_UART_MspInit
                0x0000000008000314      0x258 build/usart.o
                0x0000000008000314                HAL_UART_MspInit
 .text.MX_SINGLE_OF_UART_Init
                0x000000000800056c       0x48 build/Control_usart.o
                0x000000000800056c                MX_SINGLE_OF_UART_Init
 .text.MX_ALL_OF_UART_Init
                0x00000000080005b4       0x18 build/Control_usart.o
                0x00000000080005b4                MX_ALL_OF_UART_Init
 .text.UARTReceive_IDLE
                0x00000000080005cc       0x28 build/Control_usart.o
                0x00000000080005cc                UARTReceive_IDLE
 .text.HAL_UART_RxCpltCallback
                0x00000000080005f4        0x4 build/Control_usart.o
                0x00000000080005f4                HAL_UART_RxCpltCallback
 .text.HAL_UART_ErrorCallback
                0x00000000080005f8       0x2c build/Control_usart.o
                0x00000000080005f8                HAL_UART_ErrorCallback
 .text.__io_putchar
                0x0000000008000624       0x24 build/Control_usart.o
                0x0000000008000624                __io_putchar
 .text._write   0x0000000008000648       0x1c build/Control_usart.o
                0x0000000008000648                _write
 .text.NMI_Handler
                0x0000000008000664        0x4 build/stm32f1xx_it.o
                0x0000000008000664                NMI_Handler
 .text.HardFault_Handler
                0x0000000008000668        0x4 build/stm32f1xx_it.o
                0x0000000008000668                HardFault_Handler
 .text.MemManage_Handler
                0x000000000800066c        0x4 build/stm32f1xx_it.o
                0x000000000800066c                MemManage_Handler
 .text.BusFault_Handler
                0x0000000008000670        0x4 build/stm32f1xx_it.o
                0x0000000008000670                BusFault_Handler
 .text.UsageFault_Handler
                0x0000000008000674        0x4 build/stm32f1xx_it.o
                0x0000000008000674                UsageFault_Handler
 .text.SVC_Handler
                0x0000000008000678        0x4 build/stm32f1xx_it.o
                0x0000000008000678                SVC_Handler
 .text.DebugMon_Handler
                0x000000000800067c        0x4 build/stm32f1xx_it.o
                0x000000000800067c                DebugMon_Handler
 .text.PendSV_Handler
                0x0000000008000680        0x4 build/stm32f1xx_it.o
                0x0000000008000680                PendSV_Handler
 .text.SysTick_Handler
                0x0000000008000684        0x8 build/stm32f1xx_it.o
                0x0000000008000684                SysTick_Handler
 .text.USART1_IRQHandler
                0x000000000800068c       0x20 build/stm32f1xx_it.o
                0x000000000800068c                USART1_IRQHandler
 .text.USART2_IRQHandler
                0x00000000080006ac        0x4 build/stm32f1xx_it.o
                0x00000000080006ac                USART2_IRQHandler
 .text.USART3_IRQHandler
                0x00000000080006b0        0x4 build/stm32f1xx_it.o
                0x00000000080006b0                USART3_IRQHandler
 .text.UART4_IRQHandler
                0x00000000080006b4        0x4 build/stm32f1xx_it.o
                0x00000000080006b4                UART4_IRQHandler
 .text.UART5_IRQHandler
                0x00000000080006b8        0x4 build/stm32f1xx_it.o
                0x00000000080006b8                UART5_IRQHandler
 .text.HAL_MspInit
                0x00000000080006bc       0x44 build/stm32f1xx_hal_msp.o
                0x00000000080006bc                HAL_MspInit
 .text.UART_EndRxTransfer
                0x0000000008000700       0x1c build/stm32f1xx_hal_uart.o
 .text.UART_Transmit_IT
                0x000000000800071c       0x6c build/stm32f1xx_hal_uart.o
 .text.UART_SetConfig
                0x0000000008000788       0xcc build/stm32f1xx_hal_uart.o
 .text.UART_WaitOnFlagUntilTimeout
                0x0000000008000854       0x68 build/stm32f1xx_hal_uart.o
 .text.HAL_UART_Init
                0x00000000080008bc       0x64 build/stm32f1xx_hal_uart.o
                0x00000000080008bc                HAL_UART_Init
 .text.HAL_UART_Transmit
                0x0000000008000920       0xe4 build/stm32f1xx_hal_uart.o
                0x0000000008000920                HAL_UART_Transmit
 .text.HAL_UART_Receive_IT
                0x0000000008000a04       0x5c build/stm32f1xx_hal_uart.o
                0x0000000008000a04                HAL_UART_Receive_IT
 .text.HAL_UART_TxCpltCallback
                0x0000000008000a60        0x4 build/stm32f1xx_hal_uart.o
                0x0000000008000a60                HAL_UART_TxCpltCallback
 .text.UART_EndTransmit_IT
                0x0000000008000a64       0x1c build/stm32f1xx_hal_uart.o
 .text.UART_Receive_IT
                0x0000000008000a80       0xa0 build/stm32f1xx_hal_uart.o
 .text.HAL_UART_IRQHandler
                0x0000000008000b20      0x11c build/stm32f1xx_hal_uart.o
                0x0000000008000b20                HAL_UART_IRQHandler
 .text.UART_DMAAbortOnError
                0x0000000008000c3c       0x10 build/stm32f1xx_hal_uart.o
 .text.HAL_UART_AbortReceiveCpltCallback
                0x0000000008000c4c        0x4 build/stm32f1xx_hal_uart.o
                0x0000000008000c4c                HAL_UART_AbortReceiveCpltCallback
 .text.HAL_UART_AbortReceive_IT
                0x0000000008000c50       0x68 build/stm32f1xx_hal_uart.o
                0x0000000008000c50                HAL_UART_AbortReceive_IT
 .text.UART_DMARxOnlyAbortCallback
                0x0000000008000cb8       0x14 build/stm32f1xx_hal_uart.o
 .text.HAL_InitTick
                0x0000000008000ccc       0x4c build/stm32f1xx_hal.o
                0x0000000008000ccc                HAL_InitTick
 .text.HAL_Init
                0x0000000008000d18       0x24 build/stm32f1xx_hal.o
                0x0000000008000d18                HAL_Init
 .text.HAL_IncTick
                0x0000000008000d3c       0x18 build/stm32f1xx_hal.o
                0x0000000008000d3c                HAL_IncTick
 .text.HAL_GetTick
                0x0000000008000d54        0xc build/stm32f1xx_hal.o
                0x0000000008000d54                HAL_GetTick
 .text.HAL_Delay
                0x0000000008000d60       0x28 build/stm32f1xx_hal.o
                0x0000000008000d60                HAL_Delay
 .text.RCC_Delay
                0x0000000008000d88       0x2c build/stm32f1xx_hal_rcc.o
 .text.HAL_RCC_OscConfig
                0x0000000008000db4      0x434 build/stm32f1xx_hal_rcc.o
                0x0000000008000db4                HAL_RCC_OscConfig
 .text.HAL_RCC_GetSysClockFreq
                0x00000000080011e8       0x70 build/stm32f1xx_hal_rcc.o
                0x00000000080011e8                HAL_RCC_GetSysClockFreq
 .text.HAL_RCC_ClockConfig
                0x0000000008001258      0x170 build/stm32f1xx_hal_rcc.o
                0x0000000008001258                HAL_RCC_ClockConfig
 .text.HAL_RCC_GetHCLKFreq
                0x00000000080013c8        0xc build/stm32f1xx_hal_rcc.o
                0x00000000080013c8                HAL_RCC_GetHCLKFreq
 .text.HAL_RCC_GetPCLK1Freq
                0x00000000080013d4       0x20 build/stm32f1xx_hal_rcc.o
                0x00000000080013d4                HAL_RCC_GetPCLK1Freq
 .text.HAL_RCC_GetPCLK2Freq
                0x00000000080013f4       0x20 build/stm32f1xx_hal_rcc.o
                0x00000000080013f4                HAL_RCC_GetPCLK2Freq
 .text.HAL_GPIO_Init
                0x0000000008001414      0x1f0 build/stm32f1xx_hal_gpio.o
                0x0000000008001414                HAL_GPIO_Init
 .text.HAL_DMA_Abort_IT
                0x0000000008001604      0x168 build/stm32f1xx_hal_dma.o
                0x0000000008001604                HAL_DMA_Abort_IT
 .text.HAL_NVIC_SetPriorityGrouping
                0x000000000800176c       0x24 build/stm32f1xx_hal_cortex.o
                0x000000000800176c                HAL_NVIC_SetPriorityGrouping
 .text.HAL_NVIC_SetPriority
                0x0000000008001790       0x64 build/stm32f1xx_hal_cortex.o
                0x0000000008001790                HAL_NVIC_SetPriority
 .text.HAL_NVIC_EnableIRQ
                0x00000000080017f4       0x1c build/stm32f1xx_hal_cortex.o
                0x00000000080017f4                HAL_NVIC_EnableIRQ
 .text.HAL_SYSTICK_Config
                0x0000000008001810       0x2c build/stm32f1xx_hal_cortex.o
                0x0000000008001810                HAL_SYSTICK_Config
 .text.SystemInit
                0x000000000800183c       0x4c build/system_stm32f1xx.o
                0x000000000800183c                SystemInit
 .text.Reset_Handler
                0x0000000008001888       0x48 build/startup_stm32f103xe.o
                0x0000000008001888                Reset_Handler
 .text.Default_Handler
                0x00000000080018d0        0x2 build/startup_stm32f103xe.o
                0x00000000080018d0                DMA2_Channel3_IRQHandler
                0x00000000080018d0                EXTI2_IRQHandler
                0x00000000080018d0                TIM8_TRG_COM_IRQHandler
                0x00000000080018d0                TIM8_CC_IRQHandler
                0x00000000080018d0                TIM1_CC_IRQHandler
                0x00000000080018d0                TIM6_IRQHandler
                0x00000000080018d0                PVD_IRQHandler
                0x00000000080018d0                SDIO_IRQHandler
                0x00000000080018d0                EXTI3_IRQHandler
                0x00000000080018d0                EXTI0_IRQHandler
                0x00000000080018d0                I2C2_EV_IRQHandler
                0x00000000080018d0                ADC1_2_IRQHandler
                0x00000000080018d0                SPI1_IRQHandler
                0x00000000080018d0                TAMPER_IRQHandler
                0x00000000080018d0                TIM8_UP_IRQHandler
                0x00000000080018d0                DMA2_Channel2_IRQHandler
                0x00000000080018d0                DMA1_Channel4_IRQHandler
                0x00000000080018d0                RTC_IRQHandler
                0x00000000080018d0                DMA1_Channel7_IRQHandler
                0x00000000080018d0                CAN1_RX1_IRQHandler
                0x00000000080018d0                ADC3_IRQHandler
                0x00000000080018d0                TIM4_IRQHandler
                0x00000000080018d0                DMA2_Channel1_IRQHandler
                0x00000000080018d0                I2C1_EV_IRQHandler
                0x00000000080018d0                DMA1_Channel6_IRQHandler
                0x00000000080018d0                TIM3_IRQHandler
                0x00000000080018d0                RCC_IRQHandler
                0x00000000080018d0                TIM1_TRG_COM_IRQHandler
                0x00000000080018d0                DMA1_Channel1_IRQHandler
                0x00000000080018d0                Default_Handler
                0x00000000080018d0                EXTI15_10_IRQHandler
                0x00000000080018d0                TIM7_IRQHandler
                0x00000000080018d0                TIM5_IRQHandler
                0x00000000080018d0                EXTI9_5_IRQHandler
                0x00000000080018d0                SPI2_IRQHandler
                0x00000000080018d0                DMA1_Channel5_IRQHandler
                0x00000000080018d0                EXTI4_IRQHandler
                0x00000000080018d0                USB_LP_CAN1_RX0_IRQHandler
                0x00000000080018d0                USB_HP_CAN1_TX_IRQHandler
                0x00000000080018d0                DMA1_Channel3_IRQHandler
                0x00000000080018d0                FSMC_IRQHandler
                0x00000000080018d0                TIM1_UP_IRQHandler
                0x00000000080018d0                WWDG_IRQHandler
                0x00000000080018d0                TIM2_IRQHandler
                0x00000000080018d0                TIM1_BRK_IRQHandler
                0x00000000080018d0                EXTI1_IRQHandler
                0x00000000080018d0                DMA2_Channel4_5_IRQHandler
                0x00000000080018d0                I2C2_ER_IRQHandler
                0x00000000080018d0                DMA1_Channel2_IRQHandler
                0x00000000080018d0                TIM8_BRK_IRQHandler
                0x00000000080018d0                CAN1_SCE_IRQHandler
                0x00000000080018d0                FLASH_IRQHandler
                0x00000000080018d0                SPI3_IRQHandler
                0x00000000080018d0                I2C1_ER_IRQHandler
                0x00000000080018d0                USBWakeUp_IRQHandler
                0x00000000080018d0                RTC_Alarm_IRQHandler
 *fill*         0x00000000080018d2        0x2 
 .text.__libc_init_array
                0x00000000080018d4       0x4c /Users/leixiaoxiang/opt/gcc-arm-none-eabi/bin/../lib/gcc/arm-none-eabi/5.4.1/../../../../arm-none-eabi/lib/armv7-m/libc_nano.a(lib_a-init.o)
                0x00000000080018d4                __libc_init_array
 .text.memset   0x0000000008001920       0x10 /Users/leixiaoxiang/opt/gcc-arm-none-eabi/bin/../lib/gcc/arm-none-eabi/5.4.1/../../../../arm-none-eabi/lib/armv7-m/libc_nano.a(lib_a-memset.o)
                0x0000000008001920                memset
 .text._puts_r  0x0000000008001930       0xb4 /Users/leixiaoxiang/opt/gcc-arm-none-eabi/bin/../lib/gcc/arm-none-eabi/5.4.1/../../../../arm-none-eabi/lib/armv7-m/libc_nano.a(lib_a-puts.o)
                0x0000000008001930                _puts_r
 .text.puts     0x00000000080019e4       0x10 /Users/leixiaoxiang/opt/gcc-arm-none-eabi/bin/../lib/gcc/arm-none-eabi/5.4.1/../../../../arm-none-eabi/lib/armv7-m/libc_nano.a(lib_a-puts.o)
                0x00000000080019e4                puts
 .text.__swbuf_r
                0x00000000080019f4       0xa8 /Users/leixiaoxiang/opt/gcc-arm-none-eabi/bin/../lib/gcc/arm-none-eabi/5.4.1/../../../../arm-none-eabi/lib/armv7-m/libc_nano.a(lib_a-wbuf.o)
                0x00000000080019f4                __swbuf_r
 .text.__swsetup_r
                0x0000000008001a9c       0xdc /Users/leixiaoxiang/opt/gcc-arm-none-eabi/bin/../lib/gcc/arm-none-eabi/5.4.1/../../../../arm-none-eabi/lib/armv7-m/libc_nano.a(lib_a-wsetup.o)
                0x0000000008001a9c                __swsetup_r
 .text.__sflush_r
                0x0000000008001b78      0x10c /Users/leixiaoxiang/opt/gcc-arm-none-eabi/bin/../lib/gcc/arm-none-eabi/5.4.1/../../../../arm-none-eabi/lib/armv7-m/libc_nano.a(lib_a-fflush.o)
                0x0000000008001b78                __sflush_r
 .text._fflush_r
                0x0000000008001c84       0x54 /Users/leixiaoxiang/opt/gcc-arm-none-eabi/bin/../lib/gcc/arm-none-eabi/5.4.1/../../../../arm-none-eabi/lib/armv7-m/libc_nano.a(lib_a-fflush.o)
                0x0000000008001c84                _fflush_r
 .text._cleanup_r
                0x0000000008001cd8        0xc /Users/leixiaoxiang/opt/gcc-arm-none-eabi/bin/../lib/gcc/arm-none-eabi/5.4.1/../../../../arm-none-eabi/lib/armv7-m/libc_nano.a(lib_a-findfp.o)
                0x0000000008001cd8                _cleanup_r
 .text.std.isra.0
                0x0000000008001ce4       0x48 /Users/leixiaoxiang/opt/gcc-arm-none-eabi/bin/../lib/gcc/arm-none-eabi/5.4.1/../../../../arm-none-eabi/lib/armv7-m/libc_nano.a(lib_a-findfp.o)
 .text.__sfmoreglue
                0x0000000008001d2c       0x2c /Users/leixiaoxiang/opt/gcc-arm-none-eabi/bin/../lib/gcc/arm-none-eabi/5.4.1/../../../../arm-none-eabi/lib/armv7-m/libc_nano.a(lib_a-findfp.o)
                0x0000000008001d2c                __sfmoreglue
 .text.__sinit  0x0000000008001d58       0x60 /Users/leixiaoxiang/opt/gcc-arm-none-eabi/bin/../lib/gcc/arm-none-eabi/5.4.1/../../../../arm-none-eabi/lib/armv7-m/libc_nano.a(lib_a-findfp.o)
                0x0000000008001d58                __sinit
 .text.__sfp    0x0000000008001db8       0x78 /Users/leixiaoxiang/opt/gcc-arm-none-eabi/bin/../lib/gcc/arm-none-eabi/5.4.1/../../../../arm-none-eabi/lib/armv7-m/libc_nano.a(lib_a-findfp.o)
                0x0000000008001db8                __sfp
 .text._fwalk_reent
                0x0000000008001e30       0x3c /Users/leixiaoxiang/opt/gcc-arm-none-eabi/bin/../lib/gcc/arm-none-eabi/5.4.1/../../../../arm-none-eabi/lib/armv7-m/libc_nano.a(lib_a-fwalk.o)
                0x0000000008001e30                _fwalk_reent
 .text.__swhatbuf_r
                0x0000000008001e6c       0x46 /Users/leixiaoxiang/opt/gcc-arm-none-eabi/bin/../lib/gcc/arm-none-eabi/5.4.1/../../../../arm-none-eabi/lib/armv7-m/libc_nano.a(lib_a-makebuf.o)
                0x0000000008001e6c                __swhatbuf_r
 *fill*         0x0000000008001eb2        0x2 
 .text.__smakebuf_r
                0x0000000008001eb4       0x78 /Users/leixiaoxiang/opt/gcc-arm-none-eabi/bin/../lib/gcc/arm-none-eabi/5.4.1/../../../../arm-none-eabi/lib/armv7-m/libc_nano.a(lib_a-makebuf.o)
                0x0000000008001eb4                __smakebuf_r
 .text._free_r  0x0000000008001f2c       0x98 /Users/leixiaoxiang/opt/gcc-arm-none-eabi/bin/../lib/gcc/arm-none-eabi/5.4.1/../../../../arm-none-eabi/lib/armv7-m/libc_nano.a(lib_a-nano-freer.o)
                0x0000000008001f2c                _free_r
 .text._malloc_r
                0x0000000008001fc4       0xbc /Users/leixiaoxiang/opt/gcc-arm-none-eabi/bin/../lib/gcc/arm-none-eabi/5.4.1/../../../../arm-none-eabi/lib/armv7-m/libc_nano.a(lib_a-nano-mallocr.o)
                0x0000000008001fc4                _malloc_r
 .text._sbrk_r  0x0000000008002080       0x20 /Users/leixiaoxiang/opt/gcc-arm-none-eabi/bin/../lib/gcc/arm-none-eabi/5.4.1/../../../../arm-none-eabi/lib/armv7-m/libc_nano.a(lib_a-sbrkr.o)
                0x0000000008002080                _sbrk_r
 .text.__sread  0x00000000080020a0       0x22 /Users/leixiaoxiang/opt/gcc-arm-none-eabi/bin/../lib/gcc/arm-none-eabi/5.4.1/../../../../arm-none-eabi/lib/armv7-m/libc_nano.a(lib_a-stdio.o)
                0x00000000080020a0                __sread
 .text.__swrite
                0x00000000080020c2       0x38 /Users/leixiaoxiang/opt/gcc-arm-none-eabi/bin/../lib/gcc/arm-none-eabi/5.4.1/../../../../arm-none-eabi/lib/armv7-m/libc_nano.a(lib_a-stdio.o)
                0x00000000080020c2                __swrite
 .text.__sseek  0x00000000080020fa       0x24 /Users/leixiaoxiang/opt/gcc-arm-none-eabi/bin/../lib/gcc/arm-none-eabi/5.4.1/../../../../arm-none-eabi/lib/armv7-m/libc_nano.a(lib_a-stdio.o)
                0x00000000080020fa                __sseek
 .text.__sclose
                0x000000000800211e        0x8 /Users/leixiaoxiang/opt/gcc-arm-none-eabi/bin/../lib/gcc/arm-none-eabi/5.4.1/../../../../arm-none-eabi/lib/armv7-m/libc_nano.a(lib_a-stdio.o)
                0x000000000800211e                __sclose
 *fill*         0x0000000008002126        0x2 
 .text._write_r
                0x0000000008002128       0x24 /Users/leixiaoxiang/opt/gcc-arm-none-eabi/bin/../lib/gcc/arm-none-eabi/5.4.1/../../../../arm-none-eabi/lib/armv7-m/libc_nano.a(lib_a-writer.o)
                0x0000000008002128                _write_r
 .text._close_r
                0x000000000800214c       0x20 /Users/leixiaoxiang/opt/gcc-arm-none-eabi/bin/../lib/gcc/arm-none-eabi/5.4.1/../../../../arm-none-eabi/lib/armv7-m/libc_nano.a(lib_a-closer.o)
                0x000000000800214c                _close_r
 .text._fstat_r
                0x000000000800216c       0x24 /Users/leixiaoxiang/opt/gcc-arm-none-eabi/bin/../lib/gcc/arm-none-eabi/5.4.1/../../../../arm-none-eabi/lib/armv7-m/libc_nano.a(lib_a-fstatr.o)
                0x000000000800216c                _fstat_r
 .text._isatty_r
                0x0000000008002190       0x20 /Users/leixiaoxiang/opt/gcc-arm-none-eabi/bin/../lib/gcc/arm-none-eabi/5.4.1/../../../../arm-none-eabi/lib/armv7-m/libc_nano.a(lib_a-isattyr.o)
                0x0000000008002190                _isatty_r
 .text._lseek_r
                0x00000000080021b0       0x24 /Users/leixiaoxiang/opt/gcc-arm-none-eabi/bin/../lib/gcc/arm-none-eabi/5.4.1/../../../../arm-none-eabi/lib/armv7-m/libc_nano.a(lib_a-lseekr.o)
                0x00000000080021b0                _lseek_r
 .text.__malloc_lock
                0x00000000080021d4        0x2 /Users/leixiaoxiang/opt/gcc-arm-none-eabi/bin/../lib/gcc/arm-none-eabi/5.4.1/../../../../arm-none-eabi/lib/armv7-m/libc_nano.a(lib_a-mlock.o)
                0x00000000080021d4                __malloc_lock
 .text.__malloc_unlock
                0x00000000080021d6        0x2 /Users/leixiaoxiang/opt/gcc-arm-none-eabi/bin/../lib/gcc/arm-none-eabi/5.4.1/../../../../arm-none-eabi/lib/armv7-m/libc_nano.a(lib_a-mlock.o)
                0x00000000080021d6                __malloc_unlock
 .text._read_r  0x00000000080021d8       0x24 /Users/leixiaoxiang/opt/gcc-arm-none-eabi/bin/../lib/gcc/arm-none-eabi/5.4.1/../../../../arm-none-eabi/lib/armv7-m/libc_nano.a(lib_a-readr.o)
                0x00000000080021d8                _read_r
 .text._close   0x00000000080021fc       0x10 /Users/leixiaoxiang/opt/gcc-arm-none-eabi/bin/../lib/gcc/arm-none-eabi/5.4.1/../../../../arm-none-eabi/lib/armv7-m/libnosys.a(close.o)
                0x00000000080021fc                _close
 .text._fstat   0x000000000800220c       0x10 /Users/leixiaoxiang/opt/gcc-arm-none-eabi/bin/../lib/gcc/arm-none-eabi/5.4.1/../../../../arm-none-eabi/lib/armv7-m/libnosys.a(fstat.o)
                0x000000000800220c                _fstat
 .text._isatty  0x000000000800221c       0x10 /Users/leixiaoxiang/opt/gcc-arm-none-eabi/bin/../lib/gcc/arm-none-eabi/5.4.1/../../../../arm-none-eabi/lib/armv7-m/libnosys.a(isatty.o)
                0x000000000800221c                _isatty
 .text._lseek   0x000000000800222c       0x10 /Users/leixiaoxiang/opt/gcc-arm-none-eabi/bin/../lib/gcc/arm-none-eabi/5.4.1/../../../../arm-none-eabi/lib/armv7-m/libnosys.a(lseek.o)
                0x000000000800222c                _lseek
 .text._read    0x000000000800223c       0x10 /Users/leixiaoxiang/opt/gcc-arm-none-eabi/bin/../lib/gcc/arm-none-eabi/5.4.1/../../../../arm-none-eabi/lib/armv7-m/libnosys.a(read.o)
                0x000000000800223c                _read
 .text._sbrk    0x000000000800224c       0x1c /Users/leixiaoxiang/opt/gcc-arm-none-eabi/bin/../lib/gcc/arm-none-eabi/5.4.1/../../../../arm-none-eabi/lib/armv7-m/libnosys.a(sbrk.o)
                0x000000000800224c                _sbrk
 *(.glue_7)
 .glue_7        0x0000000008002268        0x0 linker stubs
 *(.glue_7t)
 .glue_7t       0x0000000008002268        0x0 linker stubs
 *(.eh_frame)
 .eh_frame      0x0000000008002268        0x0 /Users/leixiaoxiang/opt/gcc-arm-none-eabi/bin/../lib/gcc/arm-none-eabi/5.4.1/armv7-m/crtbegin.o
 *(.init)
 .init          0x0000000008002268        0x4 /Users/leixiaoxiang/opt/gcc-arm-none-eabi/bin/../lib/gcc/arm-none-eabi/5.4.1/armv7-m/crti.o
                0x0000000008002268                _init
 .init          0x000000000800226c        0x8 /Users/leixiaoxiang/opt/gcc-arm-none-eabi/bin/../lib/gcc/arm-none-eabi/5.4.1/armv7-m/crtn.o
 *(.fini)
 .fini          0x0000000008002274        0x4 /Users/leixiaoxiang/opt/gcc-arm-none-eabi/bin/../lib/gcc/arm-none-eabi/5.4.1/armv7-m/crti.o
                0x0000000008002274                _fini
 .fini          0x0000000008002278        0x8 /Users/leixiaoxiang/opt/gcc-arm-none-eabi/bin/../lib/gcc/arm-none-eabi/5.4.1/armv7-m/crtn.o
                0x0000000008002280                . = ALIGN (0x4)
                0x0000000008002280                _etext = .

.vfp11_veneer   0x0000000008002280        0x0
 .vfp11_veneer  0x0000000008002280        0x0 linker stubs

.v4_bx          0x0000000008002280        0x0
 .v4_bx         0x0000000008002280        0x0 linker stubs

.iplt           0x0000000008002280        0x0
 .iplt          0x0000000008002280        0x0 /Users/leixiaoxiang/opt/gcc-arm-none-eabi/bin/../lib/gcc/arm-none-eabi/5.4.1/armv7-m/crtbegin.o

.rodata         0x0000000008002280       0x9c
                0x0000000008002280                . = ALIGN (0x4)
 *(.rodata)
 .rodata        0x0000000008002280       0x12 build/stm32f1xx_hal_rcc.o
 *(.rodata*)
 *fill*         0x0000000008002292        0x2 
 .rodata.str1.4
                0x0000000008002294        0xc build/main.o
                                          0xa (size before relaxing)
 .rodata.AHBPrescTable
                0x00000000080022a0       0x10 build/system_stm32f1xx.o
                0x00000000080022a0                AHBPrescTable
 .rodata.APBPrescTable
                0x00000000080022b0        0x8 build/system_stm32f1xx.o
                0x00000000080022b0                APBPrescTable
 .rodata._global_impure_ptr
                0x00000000080022b8        0x4 /Users/leixiaoxiang/opt/gcc-arm-none-eabi/bin/../lib/gcc/arm-none-eabi/5.4.1/../../../../arm-none-eabi/lib/armv7-m/libc_nano.a(lib_a-impure.o)
                0x00000000080022b8                _global_impure_ptr
 .rodata.__sf_fake_stdin
                0x00000000080022bc       0x20 /Users/leixiaoxiang/opt/gcc-arm-none-eabi/bin/../lib/gcc/arm-none-eabi/5.4.1/../../../../arm-none-eabi/lib/armv7-m/libc_nano.a(lib_a-findfp.o)
                0x00000000080022bc                __sf_fake_stdin
 .rodata.__sf_fake_stdout
                0x00000000080022dc       0x20 /Users/leixiaoxiang/opt/gcc-arm-none-eabi/bin/../lib/gcc/arm-none-eabi/5.4.1/../../../../arm-none-eabi/lib/armv7-m/libc_nano.a(lib_a-findfp.o)
                0x00000000080022dc                __sf_fake_stdout
 .rodata.__sf_fake_stderr
                0x00000000080022fc       0x20 /Users/leixiaoxiang/opt/gcc-arm-none-eabi/bin/../lib/gcc/arm-none-eabi/5.4.1/../../../../arm-none-eabi/lib/armv7-m/libc_nano.a(lib_a-findfp.o)
                0x00000000080022fc                __sf_fake_stderr
                0x000000000800231c                . = ALIGN (0x4)

.rel.dyn        0x000000000800231c        0x0
 .rel.iplt      0x000000000800231c        0x0 /Users/leixiaoxiang/opt/gcc-arm-none-eabi/bin/../lib/gcc/arm-none-eabi/5.4.1/armv7-m/crtbegin.o

.ARM.extab
 *(.ARM.extab* .gnu.linkonce.armextab.*)

.ARM            0x000000000800231c        0x0
                0x000000000800231c                __exidx_start = .
 *(.ARM.exidx*)
                0x000000000800231c                __exidx_end = .

.preinit_array  0x000000000800231c        0x0
                0x000000000800231c                PROVIDE (__preinit_array_start, .)
 *(.preinit_array*)
                0x000000000800231c                PROVIDE (__preinit_array_end, .)

.init_array     0x000000000800231c        0x4
                0x000000000800231c                PROVIDE (__init_array_start, .)
 *(SORT(.init_array.*))
 *(.init_array*)
 .init_array    0x000000000800231c        0x4 /Users/leixiaoxiang/opt/gcc-arm-none-eabi/bin/../lib/gcc/arm-none-eabi/5.4.1/armv7-m/crtbegin.o
                0x0000000008002320                PROVIDE (__init_array_end, .)

.fini_array     0x0000000008002320        0x4
                [!provide]                        PROVIDE (__fini_array_start, .)
 *(SORT(.fini_array.*))
 *(.fini_array*)
 .fini_array    0x0000000008002320        0x4 /Users/leixiaoxiang/opt/gcc-arm-none-eabi/bin/../lib/gcc/arm-none-eabi/5.4.1/armv7-m/crtbegin.o
                [!provide]                        PROVIDE (__fini_array_end, .)
                0x0000000008002324                _sidata = LOADADDR (.data)

.data           0x0000000020000000       0xbc load address 0x0000000008002324
                0x0000000020000000                . = ALIGN (0x4)
                0x0000000020000000                _sdata = .
 *(.data)
 *(.data*)
 .data.huart1   0x0000000020000000       0x40 build/Control_usart.o
                0x0000000020000000                huart1
 .data.P_printf
                0x0000000020000040        0x4 build/Control_usart.o
                0x0000000020000040                P_printf
 .data.UART_Array
                0x0000000020000044        0x8 build/Control_usart.o
 .data.uwTickPrio
                0x000000002000004c        0x4 build/stm32f1xx_hal.o
                0x000000002000004c                uwTickPrio
 .data.uwTickFreq
                0x0000000020000050        0x1 build/stm32f1xx_hal.o
                0x0000000020000050                uwTickFreq
 *fill*         0x0000000020000051        0x3 
 .data.SystemCoreClock
                0x0000000020000054        0x4 build/system_stm32f1xx.o
                0x0000000020000054                SystemCoreClock
 .data.impure_data
                0x0000000020000058       0x60 /Users/leixiaoxiang/opt/gcc-arm-none-eabi/bin/../lib/gcc/arm-none-eabi/5.4.1/../../../../arm-none-eabi/lib/armv7-m/libc_nano.a(lib_a-impure.o)
 .data._impure_ptr
                0x00000000200000b8        0x4 /Users/leixiaoxiang/opt/gcc-arm-none-eabi/bin/../lib/gcc/arm-none-eabi/5.4.1/../../../../arm-none-eabi/lib/armv7-m/libc_nano.a(lib_a-impure.o)
                0x00000000200000b8                _impure_ptr
                0x00000000200000bc                . = ALIGN (0x4)
                0x00000000200000bc                _edata = .

.jcr            0x00000000200000bc        0x0 load address 0x00000000080023e0
 .jcr           0x00000000200000bc        0x0 /Users/leixiaoxiang/opt/gcc-arm-none-eabi/bin/../lib/gcc/arm-none-eabi/5.4.1/armv7-m/crtbegin.o

.igot.plt       0x00000000200000bc        0x0 load address 0x00000000080023e0
 .igot.plt      0x00000000200000bc        0x0 /Users/leixiaoxiang/opt/gcc-arm-none-eabi/bin/../lib/gcc/arm-none-eabi/5.4.1/armv7-m/crtbegin.o
                0x00000000200000bc                . = ALIGN (0x4)

.bss            0x00000000200000bc      0x418 load address 0x00000000080023e0
                0x00000000200000bc                _sbss = .
                0x00000000200000bc                __bss_start__ = _sbss
 *(.bss)
 .bss           0x00000000200000bc       0x1c /Users/leixiaoxiang/opt/gcc-arm-none-eabi/bin/../lib/gcc/arm-none-eabi/5.4.1/armv7-m/crtbegin.o
 *(.bss*)
 .bss.__malloc_sbrk_start
                0x00000000200000d8        0x4 /Users/leixiaoxiang/opt/gcc-arm-none-eabi/bin/../lib/gcc/arm-none-eabi/5.4.1/../../../../arm-none-eabi/lib/armv7-m/libc_nano.a(lib_a-nano-mallocr.o)
                0x00000000200000d8                __malloc_sbrk_start
 .bss.__malloc_free_list
                0x00000000200000dc        0x4 /Users/leixiaoxiang/opt/gcc-arm-none-eabi/bin/../lib/gcc/arm-none-eabi/5.4.1/../../../../arm-none-eabi/lib/armv7-m/libc_nano.a(lib_a-nano-mallocr.o)
                0x00000000200000dc                __malloc_free_list
 .bss.heap_end.4167
                0x00000000200000e0        0x4 /Users/leixiaoxiang/opt/gcc-arm-none-eabi/bin/../lib/gcc/arm-none-eabi/5.4.1/../../../../arm-none-eabi/lib/armv7-m/libnosys.a(sbrk.o)
 *(COMMON)
 COMMON         0x00000000200000e4      0x3e8 build/Control_usart.o
                0x00000000200000e4                UART1_RxBuff
 COMMON         0x00000000200004cc        0x4 build/stm32f1xx_hal.o
                0x00000000200004cc                uwTick
 COMMON         0x00000000200004d0        0x4 /Users/leixiaoxiang/opt/gcc-arm-none-eabi/bin/../lib/gcc/arm-none-eabi/5.4.1/../../../../arm-none-eabi/lib/armv7-m/libc_nano.a(lib_a-reent.o)
                0x00000000200004d0                errno
                0x00000000200004d4                . = ALIGN (0x4)
                0x00000000200004d4                _ebss = .
                0x00000000200004d4                __bss_end__ = _ebss

._user_heap_stack
                0x00000000200004d4      0x604 load address 0x00000000080023e0
                0x00000000200004d8                . = ALIGN (0x8)
 *fill*         0x00000000200004d4        0x4 
                0x00000000200004d8                PROVIDE (end, .)
                [!provide]                        PROVIDE (_end, .)
                0x00000000200006d8                . = (. + _Min_Heap_Size)
 *fill*         0x00000000200004d8      0x200 
                0x0000000020000ad8                . = (. + _Min_Stack_Size)
 *fill*         0x00000000200006d8      0x400 
                0x0000000020000ad8                . = ALIGN (0x8)

/DISCARD/
 libc.a(*)
 libm.a(*)
 libgcc.a(*)

.ARM.attributes
                0x0000000000000000       0x29
 *(.ARM.attributes)
 .ARM.attributes
                0x0000000000000000       0x1d /Users/leixiaoxiang/opt/gcc-arm-none-eabi/bin/../lib/gcc/arm-none-eabi/5.4.1/armv7-m/crti.o
 .ARM.attributes
                0x000000000000001d       0x2d /Users/leixiaoxiang/opt/gcc-arm-none-eabi/bin/../lib/gcc/arm-none-eabi/5.4.1/armv7-m/crtbegin.o
 .ARM.attributes
                0x000000000000004a       0x33 build/main.o
 .ARM.attributes
                0x000000000000007d       0x33 build/gpio.o
 .ARM.attributes
                0x00000000000000b0       0x33 build/usart.o
 .ARM.attributes
                0x00000000000000e3       0x33 build/Control_usart.o
 .ARM.attributes
                0x0000000000000116       0x33 build/stm32f1xx_it.o
 .ARM.attributes
                0x0000000000000149       0x33 build/stm32f1xx_hal_msp.o
 .ARM.attributes
                0x000000000000017c       0x33 build/stm32f1xx_hal_uart.o
 .ARM.attributes
                0x00000000000001af       0x33 build/stm32f1xx_hal.o
 .ARM.attributes
                0x00000000000001e2       0x33 build/stm32f1xx_hal_rcc.o
 .ARM.attributes
                0x0000000000000215       0x33 build/stm32f1xx_hal_gpio.o
 .ARM.attributes
                0x0000000000000248       0x33 build/stm32f1xx_hal_dma.o
 .ARM.attributes
                0x000000000000027b       0x33 build/stm32f1xx_hal_cortex.o
 .ARM.attributes
                0x00000000000002ae       0x33 build/system_stm32f1xx.o
 .ARM.attributes
                0x00000000000002e1       0x21 build/startup_stm32f103xe.o
 .ARM.attributes
                0x0000000000000302       0x2d /Users/leixiaoxiang/opt/gcc-arm-none-eabi/bin/../lib/gcc/arm-none-eabi/5.4.1/../../../../arm-none-eabi/lib/armv7-m/libc_nano.a(lib_a-impure.o)
 .ARM.attributes
                0x000000000000032f       0x2d /Users/leixiaoxiang/opt/gcc-arm-none-eabi/bin/../lib/gcc/arm-none-eabi/5.4.1/../../../../arm-none-eabi/lib/armv7-m/libc_nano.a(lib_a-init.o)
 .ARM.attributes
                0x000000000000035c       0x2d /Users/leixiaoxiang/opt/gcc-arm-none-eabi/bin/../lib/gcc/arm-none-eabi/5.4.1/../../../../arm-none-eabi/lib/armv7-m/libc_nano.a(lib_a-memset.o)
 .ARM.attributes
                0x0000000000000389       0x2d /Users/leixiaoxiang/opt/gcc-arm-none-eabi/bin/../lib/gcc/arm-none-eabi/5.4.1/../../../../arm-none-eabi/lib/armv7-m/libc_nano.a(lib_a-puts.o)
 .ARM.attributes
                0x00000000000003b6       0x2d /Users/leixiaoxiang/opt/gcc-arm-none-eabi/bin/../lib/gcc/arm-none-eabi/5.4.1/../../../../arm-none-eabi/lib/armv7-m/libc_nano.a(lib_a-wbuf.o)
 .ARM.attributes
                0x00000000000003e3       0x2d /Users/leixiaoxiang/opt/gcc-arm-none-eabi/bin/../lib/gcc/arm-none-eabi/5.4.1/../../../../arm-none-eabi/lib/armv7-m/libc_nano.a(lib_a-wsetup.o)
 .ARM.attributes
                0x0000000000000410       0x2d /Users/leixiaoxiang/opt/gcc-arm-none-eabi/bin/../lib/gcc/arm-none-eabi/5.4.1/../../../../arm-none-eabi/lib/armv7-m/libc_nano.a(lib_a-fflush.o)
 .ARM.attributes
                0x000000000000043d       0x2d /Users/leixiaoxiang/opt/gcc-arm-none-eabi/bin/../lib/gcc/arm-none-eabi/5.4.1/../../../../arm-none-eabi/lib/armv7-m/libc_nano.a(lib_a-findfp.o)
 .ARM.attributes
                0x000000000000046a       0x2d /Users/leixiaoxiang/opt/gcc-arm-none-eabi/bin/../lib/gcc/arm-none-eabi/5.4.1/../../../../arm-none-eabi/lib/armv7-m/libc_nano.a(lib_a-fwalk.o)
 .ARM.attributes
                0x0000000000000497       0x2d /Users/leixiaoxiang/opt/gcc-arm-none-eabi/bin/../lib/gcc/arm-none-eabi/5.4.1/../../../../arm-none-eabi/lib/armv7-m/libc_nano.a(lib_a-makebuf.o)
 .ARM.attributes
                0x00000000000004c4       0x2d /Users/leixiaoxiang/opt/gcc-arm-none-eabi/bin/../lib/gcc/arm-none-eabi/5.4.1/../../../../arm-none-eabi/lib/armv7-m/libc_nano.a(lib_a-nano-freer.o)
 .ARM.attributes
                0x00000000000004f1       0x2d /Users/leixiaoxiang/opt/gcc-arm-none-eabi/bin/../lib/gcc/arm-none-eabi/5.4.1/../../../../arm-none-eabi/lib/armv7-m/libc_nano.a(lib_a-nano-mallocr.o)
 .ARM.attributes
                0x000000000000051e       0x2d /Users/leixiaoxiang/opt/gcc-arm-none-eabi/bin/../lib/gcc/arm-none-eabi/5.4.1/../../../../arm-none-eabi/lib/armv7-m/libc_nano.a(lib_a-sbrkr.o)
 .ARM.attributes
                0x000000000000054b       0x2d /Users/leixiaoxiang/opt/gcc-arm-none-eabi/bin/../lib/gcc/arm-none-eabi/5.4.1/../../../../arm-none-eabi/lib/armv7-m/libc_nano.a(lib_a-stdio.o)
 .ARM.attributes
                0x0000000000000578       0x2d /Users/leixiaoxiang/opt/gcc-arm-none-eabi/bin/../lib/gcc/arm-none-eabi/5.4.1/../../../../arm-none-eabi/lib/armv7-m/libc_nano.a(lib_a-writer.o)
 .ARM.attributes
                0x00000000000005a5       0x2d /Users/leixiaoxiang/opt/gcc-arm-none-eabi/bin/../lib/gcc/arm-none-eabi/5.4.1/../../../../arm-none-eabi/lib/armv7-m/libc_nano.a(lib_a-closer.o)
 .ARM.attributes
                0x00000000000005d2       0x2d /Users/leixiaoxiang/opt/gcc-arm-none-eabi/bin/../lib/gcc/arm-none-eabi/5.4.1/../../../../arm-none-eabi/lib/armv7-m/libc_nano.a(lib_a-fstatr.o)
 .ARM.attributes
                0x00000000000005ff       0x2d /Users/leixiaoxiang/opt/gcc-arm-none-eabi/bin/../lib/gcc/arm-none-eabi/5.4.1/../../../../arm-none-eabi/lib/armv7-m/libc_nano.a(lib_a-isattyr.o)
 .ARM.attributes
                0x000000000000062c       0x2d /Users/leixiaoxiang/opt/gcc-arm-none-eabi/bin/../lib/gcc/arm-none-eabi/5.4.1/../../../../arm-none-eabi/lib/armv7-m/libc_nano.a(lib_a-lseekr.o)
 .ARM.attributes
                0x0000000000000659       0x2d /Users/leixiaoxiang/opt/gcc-arm-none-eabi/bin/../lib/gcc/arm-none-eabi/5.4.1/../../../../arm-none-eabi/lib/armv7-m/libc_nano.a(lib_a-mlock.o)
 .ARM.attributes
                0x0000000000000686       0x2d /Users/leixiaoxiang/opt/gcc-arm-none-eabi/bin/../lib/gcc/arm-none-eabi/5.4.1/../../../../arm-none-eabi/lib/armv7-m/libc_nano.a(lib_a-readr.o)
 .ARM.attributes
                0x00000000000006b3       0x2d /Users/leixiaoxiang/opt/gcc-arm-none-eabi/bin/../lib/gcc/arm-none-eabi/5.4.1/../../../../arm-none-eabi/lib/armv7-m/libc_nano.a(lib_a-reent.o)
 .ARM.attributes
                0x00000000000006e0       0x2d /Users/leixiaoxiang/opt/gcc-arm-none-eabi/bin/../lib/gcc/arm-none-eabi/5.4.1/../../../../arm-none-eabi/lib/armv7-m/libnosys.a(close.o)
 .ARM.attributes
                0x000000000000070d       0x2d /Users/leixiaoxiang/opt/gcc-arm-none-eabi/bin/../lib/gcc/arm-none-eabi/5.4.1/../../../../arm-none-eabi/lib/armv7-m/libnosys.a(fstat.o)
 .ARM.attributes
                0x000000000000073a       0x2d /Users/leixiaoxiang/opt/gcc-arm-none-eabi/bin/../lib/gcc/arm-none-eabi/5.4.1/../../../../arm-none-eabi/lib/armv7-m/libnosys.a(isatty.o)
 .ARM.attributes
                0x0000000000000767       0x2d /Users/leixiaoxiang/opt/gcc-arm-none-eabi/bin/../lib/gcc/arm-none-eabi/5.4.1/../../../../arm-none-eabi/lib/armv7-m/libnosys.a(lseek.o)
 .ARM.attributes
                0x0000000000000794       0x2d /Users/leixiaoxiang/opt/gcc-arm-none-eabi/bin/../lib/gcc/arm-none-eabi/5.4.1/../../../../arm-none-eabi/lib/armv7-m/libnosys.a(read.o)
 .ARM.attributes
                0x00000000000007c1       0x2d /Users/leixiaoxiang/opt/gcc-arm-none-eabi/bin/../lib/gcc/arm-none-eabi/5.4.1/../../../../arm-none-eabi/lib/armv7-m/libnosys.a(sbrk.o)
 .ARM.attributes
                0x00000000000007ee       0x1d /Users/leixiaoxiang/opt/gcc-arm-none-eabi/bin/../lib/gcc/arm-none-eabi/5.4.1/armv7-m/crtn.o
OUTPUT(build/Make_pro.elf elf32-littlearm)

.debug_info     0x0000000000000000     0x6fa9
 .debug_info    0x0000000000000000      0x378 build/main.o
 .debug_info    0x0000000000000378      0x1f4 build/gpio.o
 .debug_info    0x000000000000056c      0xd79 build/usart.o
 .debug_info    0x00000000000012e5      0x8ef build/Control_usart.o
 .debug_info    0x0000000000001bd4      0x70b build/stm32f1xx_it.o
 .debug_info    0x00000000000022df      0x24d build/stm32f1xx_hal_msp.o
 .debug_info    0x000000000000252c     0x1770 build/stm32f1xx_hal_uart.o
 .debug_info    0x0000000000003c9c      0x852 build/stm32f1xx_hal.o
 .debug_info    0x00000000000044ee      0xa65 build/stm32f1xx_hal_rcc.o
 .debug_info    0x0000000000004f53      0x64c build/stm32f1xx_hal_gpio.o
 .debug_info    0x000000000000559f      0x82d build/stm32f1xx_hal_dma.o
 .debug_info    0x0000000000005dcc      0xd3f build/stm32f1xx_hal_cortex.o
 .debug_info    0x0000000000006b0b      0x42c build/system_stm32f1xx.o
 .debug_info    0x0000000000006f37       0x72 build/startup_stm32f103xe.o

.debug_abbrev   0x0000000000000000     0x17fb
 .debug_abbrev  0x0000000000000000      0x177 build/main.o
 .debug_abbrev  0x0000000000000177       0xc6 build/gpio.o
 .debug_abbrev  0x000000000000023d      0x1c7 build/usart.o
 .debug_abbrev  0x0000000000000404      0x23d build/Control_usart.o
 .debug_abbrev  0x0000000000000641      0x1be build/stm32f1xx_it.o
 .debug_abbrev  0x00000000000007ff       0xd8 build/stm32f1xx_hal_msp.o
 .debug_abbrev  0x00000000000008d7      0x281 build/stm32f1xx_hal_uart.o
 .debug_abbrev  0x0000000000000b58      0x1dd build/stm32f1xx_hal.o
 .debug_abbrev  0x0000000000000d35      0x270 build/stm32f1xx_hal_rcc.o
 .debug_abbrev  0x0000000000000fa5      0x1f9 build/stm32f1xx_hal_gpio.o
 .debug_abbrev  0x000000000000119e      0x239 build/stm32f1xx_hal_dma.o
 .debug_abbrev  0x00000000000013d7      0x2ee build/stm32f1xx_hal_cortex.o
 .debug_abbrev  0x00000000000016c5      0x124 build/system_stm32f1xx.o
 .debug_abbrev  0x00000000000017e9       0x12 build/startup_stm32f103xe.o

.debug_loc      0x0000000000000000     0x3752
 .debug_loc     0x0000000000000000       0x59 build/main.o
 .debug_loc     0x0000000000000059       0x2c build/gpio.o
 .debug_loc     0x0000000000000085      0x163 build/usart.o
 .debug_loc     0x00000000000001e8      0x2ca build/Control_usart.o
 .debug_loc     0x00000000000004b2       0x40 build/stm32f1xx_it.o
 .debug_loc     0x00000000000004f2       0x2c build/stm32f1xx_hal_msp.o
 .debug_loc     0x000000000000051e     0x17db build/stm32f1xx_hal_uart.o
 .debug_loc     0x0000000000001cf9      0x1b1 build/stm32f1xx_hal.o
 .debug_loc     0x0000000000001eaa      0x6f2 build/stm32f1xx_hal_rcc.o
 .debug_loc     0x000000000000259c      0x37a build/stm32f1xx_hal_gpio.o
 .debug_loc     0x0000000000002916      0x7be build/stm32f1xx_hal_dma.o
 .debug_loc     0x00000000000030d4      0x59f build/stm32f1xx_hal_cortex.o
 .debug_loc     0x0000000000003673       0xdf build/system_stm32f1xx.o

.debug_aranges  0x0000000000000000      0x670
 .debug_aranges
                0x0000000000000000       0x30 build/main.o
 .debug_aranges
                0x0000000000000030       0x20 build/gpio.o
 .debug_aranges
                0x0000000000000050       0x28 build/usart.o
 .debug_aranges
                0x0000000000000078       0x58 build/Control_usart.o
 .debug_aranges
                0x00000000000000d0       0x88 build/stm32f1xx_it.o
 .debug_aranges
                0x0000000000000158       0x20 build/stm32f1xx_hal_msp.o
 .debug_aranges
                0x0000000000000178      0x1d0 build/stm32f1xx_hal_uart.o
 .debug_aranges
                0x0000000000000348       0xe0 build/stm32f1xx_hal.o
 .debug_aranges
                0x0000000000000428       0x90 build/stm32f1xx_hal_rcc.o
 .debug_aranges
                0x00000000000004b8       0x58 build/stm32f1xx_hal_gpio.o
 .debug_aranges
                0x0000000000000510       0x80 build/stm32f1xx_hal_dma.o
 .debug_aranges
                0x0000000000000590       0x90 build/stm32f1xx_hal_cortex.o
 .debug_aranges
                0x0000000000000620       0x28 build/system_stm32f1xx.o
 .debug_aranges
                0x0000000000000648       0x28 build/startup_stm32f103xe.o

.debug_ranges   0x0000000000000000      0x5b0
 .debug_ranges  0x0000000000000000       0x20 build/main.o
 .debug_ranges  0x0000000000000020       0x10 build/gpio.o
 .debug_ranges  0x0000000000000030       0x18 build/usart.o
 .debug_ranges  0x0000000000000048       0x48 build/Control_usart.o
 .debug_ranges  0x0000000000000090       0x78 build/stm32f1xx_it.o
 .debug_ranges  0x0000000000000108       0x10 build/stm32f1xx_hal_msp.o
 .debug_ranges  0x0000000000000118      0x1c0 build/stm32f1xx_hal_uart.o
 .debug_ranges  0x00000000000002d8       0xd0 build/stm32f1xx_hal.o
 .debug_ranges  0x00000000000003a8       0x98 build/stm32f1xx_hal_rcc.o
 .debug_ranges  0x0000000000000440       0x48 build/stm32f1xx_hal_gpio.o
 .debug_ranges  0x0000000000000488       0x70 build/stm32f1xx_hal_dma.o
 .debug_ranges  0x00000000000004f8       0x80 build/stm32f1xx_hal_cortex.o
 .debug_ranges  0x0000000000000578       0x18 build/system_stm32f1xx.o
 .debug_ranges  0x0000000000000590       0x20 build/startup_stm32f103xe.o

.debug_line     0x0000000000000000     0x2f87
 .debug_line    0x0000000000000000      0x1f7 build/main.o
 .debug_line    0x00000000000001f7      0x14b build/gpio.o
 .debug_line    0x0000000000000342      0x24a build/usart.o
 .debug_line    0x000000000000058c      0x293 build/Control_usart.o
 .debug_line    0x000000000000081f      0x2c4 build/stm32f1xx_it.o
 .debug_line    0x0000000000000ae3      0x158 build/stm32f1xx_hal_msp.o
 .debug_line    0x0000000000000c3b      0xaa8 build/stm32f1xx_hal_uart.o
 .debug_line    0x00000000000016e3      0x3ab build/stm32f1xx_hal.o
 .debug_line    0x0000000000001a8e      0x511 build/stm32f1xx_hal_rcc.o
 .debug_line    0x0000000000001f9f      0x338 build/stm32f1xx_hal_gpio.o
 .debug_line    0x00000000000022d7      0x78a build/stm32f1xx_hal_dma.o
 .debug_line    0x0000000000002a61      0x320 build/stm32f1xx_hal_cortex.o
 .debug_line    0x0000000000002d81      0x194 build/system_stm32f1xx.o
 .debug_line    0x0000000000002f15       0x72 build/startup_stm32f103xe.o

.debug_str      0x0000000000000000     0x1eee
 .debug_str     0x0000000000000000      0x32c build/main.o
                                        0x37b (size before relaxing)
 .debug_str     0x000000000000032c       0x51 build/gpio.o
                                        0x1f8 (size before relaxing)
 .debug_str     0x000000000000037d      0x7ef build/usart.o
                                        0xa1e (size before relaxing)
 .debug_str     0x0000000000000b6c      0x11f build/Control_usart.o
                                        0x6d1 (size before relaxing)
 .debug_str     0x0000000000000c8b      0x11b build/stm32f1xx_it.o
                                        0x680 (size before relaxing)
 .debug_str     0x0000000000000da6       0x52 build/stm32f1xx_hal_msp.o
                                        0x232 (size before relaxing)
 .debug_str     0x0000000000000df8      0x52c build/stm32f1xx_hal_uart.o
                                        0xba3 (size before relaxing)
 .debug_str     0x0000000000001324      0x2dc build/stm32f1xx_hal.o
                                        0x913 (size before relaxing)
 .debug_str     0x0000000000001600      0x1d8 build/stm32f1xx_hal_rcc.o
                                        0x643 (size before relaxing)
 .debug_str     0x00000000000017d8      0x145 build/stm32f1xx_hal_gpio.o
                                        0x418 (size before relaxing)
 .debug_str     0x000000000000191d      0x1f6 build/stm32f1xx_hal_dma.o
                                        0x615 (size before relaxing)
 .debug_str     0x0000000000001b13      0x391 build/stm32f1xx_hal_cortex.o
                                        0x9bd (size before relaxing)
 .debug_str     0x0000000000001ea4       0x4a build/system_stm32f1xx.o
                                        0x2c5 (size before relaxing)

.comment        0x0000000000000000       0x6e
 .comment       0x0000000000000000       0x6e build/main.o
                                         0x6f (size before relaxing)
 .comment       0x000000000000006e       0x6f build/gpio.o
 .comment       0x000000000000006e       0x6f build/usart.o
 .comment       0x000000000000006e       0x6f build/Control_usart.o
 .comment       0x000000000000006e       0x6f build/stm32f1xx_it.o
 .comment       0x000000000000006e       0x6f build/stm32f1xx_hal_msp.o
 .comment       0x000000000000006e       0x6f build/stm32f1xx_hal_uart.o
 .comment       0x000000000000006e       0x6f build/stm32f1xx_hal.o
 .comment       0x000000000000006e       0x6f build/stm32f1xx_hal_rcc.o
 .comment       0x000000000000006e       0x6f build/stm32f1xx_hal_gpio.o
 .comment       0x000000000000006e       0x6f build/stm32f1xx_hal_dma.o
 .comment       0x000000000000006e       0x6f build/stm32f1xx_hal_cortex.o
 .comment       0x000000000000006e       0x6f build/system_stm32f1xx.o

.debug_frame    0x0000000000000000     0x163c
 .debug_frame   0x0000000000000000       0x60 build/main.o
 .debug_frame   0x0000000000000060       0x28 build/gpio.o
 .debug_frame   0x0000000000000088       0x50 build/usart.o
 .debug_frame   0x00000000000000d8       0xf0 build/Control_usart.o
 .debug_frame   0x00000000000001c8      0x108 build/stm32f1xx_it.o
 .debug_frame   0x00000000000002d0       0x28 build/stm32f1xx_hal_msp.o
 .debug_frame   0x00000000000002f8      0x564 build/stm32f1xx_hal_uart.o
 .debug_frame   0x000000000000085c      0x1f0 build/stm32f1xx_hal.o
 .debug_frame   0x0000000000000a4c      0x1c8 build/stm32f1xx_hal_rcc.o
 .debug_frame   0x0000000000000c14       0xd4 build/stm32f1xx_hal_gpio.o
 .debug_frame   0x0000000000000ce8      0x164 build/stm32f1xx_hal_dma.o
 .debug_frame   0x0000000000000e4c      0x134 build/stm32f1xx_hal_cortex.o
 .debug_frame   0x0000000000000f80       0x30 build/system_stm32f1xx.o
 .debug_frame   0x0000000000000fb0       0x2c /Users/leixiaoxiang/opt/gcc-arm-none-eabi/bin/../lib/gcc/arm-none-eabi/5.4.1/../../../../arm-none-eabi/lib/armv7-m/libc_nano.a(lib_a-init.o)
 .debug_frame   0x0000000000000fdc       0x20 /Users/leixiaoxiang/opt/gcc-arm-none-eabi/bin/../lib/gcc/arm-none-eabi/5.4.1/../../../../arm-none-eabi/lib/armv7-m/libc_nano.a(lib_a-memset.o)
 .debug_frame   0x0000000000000ffc       0x3c /Users/leixiaoxiang/opt/gcc-arm-none-eabi/bin/../lib/gcc/arm-none-eabi/5.4.1/../../../../arm-none-eabi/lib/armv7-m/libc_nano.a(lib_a-puts.o)
 .debug_frame   0x0000000000001038       0x40 /Users/leixiaoxiang/opt/gcc-arm-none-eabi/bin/../lib/gcc/arm-none-eabi/5.4.1/../../../../arm-none-eabi/lib/armv7-m/libc_nano.a(lib_a-wbuf.o)
 .debug_frame   0x0000000000001078       0x2c /Users/leixiaoxiang/opt/gcc-arm-none-eabi/bin/../lib/gcc/arm-none-eabi/5.4.1/../../../../arm-none-eabi/lib/armv7-m/libc_nano.a(lib_a-wsetup.o)
 .debug_frame   0x00000000000010a4       0x68 /Users/leixiaoxiang/opt/gcc-arm-none-eabi/bin/../lib/gcc/arm-none-eabi/5.4.1/../../../../arm-none-eabi/lib/armv7-m/libc_nano.a(lib_a-fflush.o)
 .debug_frame   0x000000000000110c      0x11c /Users/leixiaoxiang/opt/gcc-arm-none-eabi/bin/../lib/gcc/arm-none-eabi/5.4.1/../../../../arm-none-eabi/lib/armv7-m/libc_nano.a(lib_a-findfp.o)
 .debug_frame   0x0000000000001228       0x54 /Users/leixiaoxiang/opt/gcc-arm-none-eabi/bin/../lib/gcc/arm-none-eabi/5.4.1/../../../../arm-none-eabi/lib/armv7-m/libc_nano.a(lib_a-fwalk.o)
 .debug_frame   0x000000000000127c       0x54 /Users/leixiaoxiang/opt/gcc-arm-none-eabi/bin/../lib/gcc/arm-none-eabi/5.4.1/../../../../arm-none-eabi/lib/armv7-m/libc_nano.a(lib_a-makebuf.o)
 .debug_frame   0x00000000000012d0       0x38 /Users/leixiaoxiang/opt/gcc-arm-none-eabi/bin/../lib/gcc/arm-none-eabi/5.4.1/../../../../arm-none-eabi/lib/armv7-m/libc_nano.a(lib_a-nano-freer.o)
 .debug_frame   0x0000000000001308       0x2c /Users/leixiaoxiang/opt/gcc-arm-none-eabi/bin/../lib/gcc/arm-none-eabi/5.4.1/../../../../arm-none-eabi/lib/armv7-m/libc_nano.a(lib_a-nano-mallocr.o)
 .debug_frame   0x0000000000001334       0x2c /Users/leixiaoxiang/opt/gcc-arm-none-eabi/bin/../lib/gcc/arm-none-eabi/5.4.1/../../../../arm-none-eabi/lib/armv7-m/libc_nano.a(lib_a-sbrkr.o)
 .debug_frame   0x0000000000001360       0x88 /Users/leixiaoxiang/opt/gcc-arm-none-eabi/bin/../lib/gcc/arm-none-eabi/5.4.1/../../../../arm-none-eabi/lib/armv7-m/libc_nano.a(lib_a-stdio.o)
 .debug_frame   0x00000000000013e8       0x2c /Users/leixiaoxiang/opt/gcc-arm-none-eabi/bin/../lib/gcc/arm-none-eabi/5.4.1/../../../../arm-none-eabi/lib/armv7-m/libc_nano.a(lib_a-writer.o)
 .debug_frame   0x0000000000001414       0x2c /Users/leixiaoxiang/opt/gcc-arm-none-eabi/bin/../lib/gcc/arm-none-eabi/5.4.1/../../../../arm-none-eabi/lib/armv7-m/libc_nano.a(lib_a-closer.o)
 .debug_frame   0x0000000000001440       0x2c /Users/leixiaoxiang/opt/gcc-arm-none-eabi/bin/../lib/gcc/arm-none-eabi/5.4.1/../../../../arm-none-eabi/lib/armv7-m/libc_nano.a(lib_a-fstatr.o)
 .debug_frame   0x000000000000146c       0x2c /Users/leixiaoxiang/opt/gcc-arm-none-eabi/bin/../lib/gcc/arm-none-eabi/5.4.1/../../../../arm-none-eabi/lib/armv7-m/libc_nano.a(lib_a-isattyr.o)
 .debug_frame   0x0000000000001498       0x2c /Users/leixiaoxiang/opt/gcc-arm-none-eabi/bin/../lib/gcc/arm-none-eabi/5.4.1/../../../../arm-none-eabi/lib/armv7-m/libc_nano.a(lib_a-lseekr.o)
 .debug_frame   0x00000000000014c4       0x30 /Users/leixiaoxiang/opt/gcc-arm-none-eabi/bin/../lib/gcc/arm-none-eabi/5.4.1/../../../../arm-none-eabi/lib/armv7-m/libc_nano.a(lib_a-mlock.o)
 .debug_frame   0x00000000000014f4       0x2c /Users/leixiaoxiang/opt/gcc-arm-none-eabi/bin/../lib/gcc/arm-none-eabi/5.4.1/../../../../arm-none-eabi/lib/armv7-m/libc_nano.a(lib_a-readr.o)
 .debug_frame   0x0000000000001520       0x5c /Users/leixiaoxiang/opt/gcc-arm-none-eabi/bin/../lib/gcc/arm-none-eabi/5.4.1/../../../../arm-none-eabi/lib/armv7-m/libc_nano.a(lib_a-reent.o)
 .debug_frame   0x000000000000157c       0x20 /Users/leixiaoxiang/opt/gcc-arm-none-eabi/bin/../lib/gcc/arm-none-eabi/5.4.1/../../../../arm-none-eabi/lib/armv7-m/libnosys.a(close.o)
 .debug_frame   0x000000000000159c       0x20 /Users/leixiaoxiang/opt/gcc-arm-none-eabi/bin/../lib/gcc/arm-none-eabi/5.4.1/../../../../arm-none-eabi/lib/armv7-m/libnosys.a(fstat.o)
 .debug_frame   0x00000000000015bc       0x20 /Users/leixiaoxiang/opt/gcc-arm-none-eabi/bin/../lib/gcc/arm-none-eabi/5.4.1/../../../../arm-none-eabi/lib/armv7-m/libnosys.a(isatty.o)
 .debug_frame   0x00000000000015dc       0x20 /Users/leixiaoxiang/opt/gcc-arm-none-eabi/bin/../lib/gcc/arm-none-eabi/5.4.1/../../../../arm-none-eabi/lib/armv7-m/libnosys.a(lseek.o)
 .debug_frame   0x00000000000015fc       0x20 /Users/leixiaoxiang/opt/gcc-arm-none-eabi/bin/../lib/gcc/arm-none-eabi/5.4.1/../../../../arm-none-eabi/lib/armv7-m/libnosys.a(read.o)
 .debug_frame   0x000000000000161c       0x20 /Users/leixiaoxiang/opt/gcc-arm-none-eabi/bin/../lib/gcc/arm-none-eabi/5.4.1/../../../../arm-none-eabi/lib/armv7-m/libnosys.a(sbrk.o)

.stab           0x0000000000000000       0x84
 .stab          0x0000000000000000       0x24 /Users/leixiaoxiang/opt/gcc-arm-none-eabi/bin/../lib/gcc/arm-none-eabi/5.4.1/../../../../arm-none-eabi/lib/armv7-m/libnosys.a(close.o)
 .stab          0x0000000000000024       0x18 /Users/leixiaoxiang/opt/gcc-arm-none-eabi/bin/../lib/gcc/arm-none-eabi/5.4.1/../../../../arm-none-eabi/lib/armv7-m/libnosys.a(fstat.o)
                                         0x24 (size before relaxing)
 .stab          0x000000000000003c       0x18 /Users/leixiaoxiang/opt/gcc-arm-none-eabi/bin/../lib/gcc/arm-none-eabi/5.4.1/../../../../arm-none-eabi/lib/armv7-m/libnosys.a(isatty.o)
                                         0x24 (size before relaxing)
 .stab          0x0000000000000054       0x18 /Users/leixiaoxiang/opt/gcc-arm-none-eabi/bin/../lib/gcc/arm-none-eabi/5.4.1/../../../../arm-none-eabi/lib/armv7-m/libnosys.a(lseek.o)
                                         0x24 (size before relaxing)
 .stab          0x000000000000006c       0x18 /Users/leixiaoxiang/opt/gcc-arm-none-eabi/bin/../lib/gcc/arm-none-eabi/5.4.1/../../../../arm-none-eabi/lib/armv7-m/libnosys.a(read.o)
                                         0x24 (size before relaxing)

.stabstr        0x0000000000000000      0x117
 .stabstr       0x0000000000000000      0x117 /Users/leixiaoxiang/opt/gcc-arm-none-eabi/bin/../lib/gcc/arm-none-eabi/5.4.1/../../../../arm-none-eabi/lib/armv7-m/libnosys.a(close.o)

Cross Reference Table

Symbol                                            File
ADC1_2_IRQHandler                                 build/startup_stm32f103xe.o
ADC3_IRQHandler                                   build/startup_stm32f103xe.o
AHBPrescTable                                     build/system_stm32f1xx.o
                                                  build/stm32f1xx_hal_rcc.o
APBPrescTable                                     build/system_stm32f1xx.o
                                                  build/stm32f1xx_hal_rcc.o
BusFault_Handler                                  build/stm32f1xx_it.o
CAN1_RX1_IRQHandler                               build/startup_stm32f103xe.o
CAN1_SCE_IRQHandler                               build/startup_stm32f103xe.o
DMA1_Channel1_IRQHandler                          build/startup_stm32f103xe.o
DMA1_Channel2_IRQHandler                          build/startup_stm32f103xe.o
DMA1_Channel3_IRQHandler                          build/startup_stm32f103xe.o
DMA1_Channel4_IRQHandler                          build/startup_stm32f103xe.o
DMA1_Channel5_IRQHandler                          build/startup_stm32f103xe.o
DMA1_Channel6_IRQHandler                          build/startup_stm32f103xe.o
DMA1_Channel7_IRQHandler                          build/startup_stm32f103xe.o
DMA2_Channel1_IRQHandler                          build/startup_stm32f103xe.o
DMA2_Channel2_IRQHandler                          build/startup_stm32f103xe.o
DMA2_Channel3_IRQHandler                          build/startup_stm32f103xe.o
DMA2_Channel4_5_IRQHandler                        build/startup_stm32f103xe.o
DebugMon_Handler                                  build/stm32f1xx_it.o
Default_Handler                                   build/startup_stm32f103xe.o
EXTI0_IRQHandler                                  build/startup_stm32f103xe.o
EXTI15_10_IRQHandler                              build/startup_stm32f103xe.o
EXTI1_IRQHandler                                  build/startup_stm32f103xe.o
EXTI2_IRQHandler                                  build/startup_stm32f103xe.o
EXTI3_IRQHandler                                  build/startup_stm32f103xe.o
EXTI4_IRQHandler                                  build/startup_stm32f103xe.o
EXTI9_5_IRQHandler                                build/startup_stm32f103xe.o
Error_Handler                                     build/main.o
                                                  build/Control_usart.o
FLASH_IRQHandler                                  build/startup_stm32f103xe.o
FLASH_PageErase                                   build/stm32f1xx_hal_flash_ex.o
                                                  build/stm32f1xx_hal_flash.o
FLASH_WaitForLastOperation                        build/stm32f1xx_hal_flash.o
                                                  build/stm32f1xx_hal_flash_ex.o
FSMC_IRQHandler                                   build/startup_stm32f103xe.o
GetRxData                                         build/Control_usart.o
HAL_DBGMCU_DisableDBGSleepMode                    build/stm32f1xx_hal.o
HAL_DBGMCU_DisableDBGStandbyMode                  build/stm32f1xx_hal.o
HAL_DBGMCU_DisableDBGStopMode                     build/stm32f1xx_hal.o
HAL_DBGMCU_EnableDBGSleepMode                     build/stm32f1xx_hal.o
HAL_DBGMCU_EnableDBGStandbyMode                   build/stm32f1xx_hal.o
HAL_DBGMCU_EnableDBGStopMode                      build/stm32f1xx_hal.o
HAL_DMA_Abort                                     build/stm32f1xx_hal_dma.o
                                                  build/stm32f1xx_hal_uart.o
HAL_DMA_Abort_IT                                  build/stm32f1xx_hal_dma.o
                                                  build/stm32f1xx_hal_uart.o
HAL_DMA_DeInit                                    build/stm32f1xx_hal_dma.o
HAL_DMA_GetError                                  build/stm32f1xx_hal_dma.o
                                                  build/stm32f1xx_hal_uart.o
HAL_DMA_GetState                                  build/stm32f1xx_hal_dma.o
HAL_DMA_IRQHandler                                build/stm32f1xx_hal_dma.o
HAL_DMA_Init                                      build/stm32f1xx_hal_dma.o
HAL_DMA_PollForTransfer                           build/stm32f1xx_hal_dma.o
HAL_DMA_RegisterCallback                          build/stm32f1xx_hal_dma.o
HAL_DMA_Start                                     build/stm32f1xx_hal_dma.o
HAL_DMA_Start_IT                                  build/stm32f1xx_hal_dma.o
                                                  build/stm32f1xx_hal_uart.o
HAL_DMA_UnRegisterCallback                        build/stm32f1xx_hal_dma.o
HAL_DeInit                                        build/stm32f1xx_hal.o
HAL_Delay                                         build/stm32f1xx_hal.o
                                                  build/main.o
HAL_EXTI_ClearConfigLine                          build/stm32f1xx_hal_exti.o
HAL_EXTI_ClearPending                             build/stm32f1xx_hal_exti.o
HAL_EXTI_GenerateSWI                              build/stm32f1xx_hal_exti.o
HAL_EXTI_GetConfigLine                            build/stm32f1xx_hal_exti.o
HAL_EXTI_GetHandle                                build/stm32f1xx_hal_exti.o
HAL_EXTI_GetPending                               build/stm32f1xx_hal_exti.o
HAL_EXTI_IRQHandler                               build/stm32f1xx_hal_exti.o
HAL_EXTI_RegisterCallback                         build/stm32f1xx_hal_exti.o
HAL_EXTI_SetConfigLine                            build/stm32f1xx_hal_exti.o
HAL_FLASHEx_Erase                                 build/stm32f1xx_hal_flash_ex.o
HAL_FLASHEx_Erase_IT                              build/stm32f1xx_hal_flash_ex.o
HAL_FLASHEx_OBErase                               build/stm32f1xx_hal_flash_ex.o
HAL_FLASHEx_OBGetConfig                           build/stm32f1xx_hal_flash_ex.o
HAL_FLASHEx_OBGetUserData                         build/stm32f1xx_hal_flash_ex.o
HAL_FLASHEx_OBProgram                             build/stm32f1xx_hal_flash_ex.o
HAL_FLASH_EndOfOperationCallback                  build/stm32f1xx_hal_flash.o
HAL_FLASH_GetError                                build/stm32f1xx_hal_flash.o
HAL_FLASH_IRQHandler                              build/stm32f1xx_hal_flash.o
HAL_FLASH_Lock                                    build/stm32f1xx_hal_flash.o
HAL_FLASH_OB_Launch                               build/stm32f1xx_hal_flash.o
HAL_FLASH_OB_Lock                                 build/stm32f1xx_hal_flash.o
HAL_FLASH_OB_Unlock                               build/stm32f1xx_hal_flash.o
HAL_FLASH_OperationErrorCallback                  build/stm32f1xx_hal_flash.o
HAL_FLASH_Program                                 build/stm32f1xx_hal_flash.o
HAL_FLASH_Program_IT                              build/stm32f1xx_hal_flash.o
HAL_FLASH_Unlock                                  build/stm32f1xx_hal_flash.o
HAL_GPIOEx_ConfigEventout                         build/stm32f1xx_hal_gpio_ex.o
HAL_GPIOEx_DisableEventout                        build/stm32f1xx_hal_gpio_ex.o
HAL_GPIOEx_EnableEventout                         build/stm32f1xx_hal_gpio_ex.o
HAL_GPIO_DeInit                                   build/stm32f1xx_hal_gpio.o
                                                  build/usart.o
HAL_GPIO_EXTI_Callback                            build/stm32f1xx_hal_gpio.o
HAL_GPIO_EXTI_IRQHandler                          build/stm32f1xx_hal_gpio.o
HAL_GPIO_Init                                     build/stm32f1xx_hal_gpio.o
                                                  build/stm32f1xx_hal_rcc.o
                                                  build/usart.o
HAL_GPIO_LockPin                                  build/stm32f1xx_hal_gpio.o
HAL_GPIO_ReadPin                                  build/stm32f1xx_hal_gpio.o
HAL_GPIO_TogglePin                                build/stm32f1xx_hal_gpio.o
HAL_GPIO_WritePin                                 build/stm32f1xx_hal_gpio.o
HAL_GetDEVID                                      build/stm32f1xx_hal.o
HAL_GetHalVersion                                 build/stm32f1xx_hal.o
HAL_GetREVID                                      build/stm32f1xx_hal.o
HAL_GetTick                                       build/stm32f1xx_hal.o
                                                  build/stm32f1xx_hal_flash.o
                                                  build/stm32f1xx_hal_dma.o
                                                  build/stm32f1xx_hal_rcc_ex.o
                                                  build/stm32f1xx_hal_rcc.o
                                                  build/stm32f1xx_hal_uart.o
HAL_GetTickFreq                                   build/stm32f1xx_hal.o
HAL_GetTickPrio                                   build/stm32f1xx_hal.o
HAL_GetUIDw0                                      build/stm32f1xx_hal.o
HAL_GetUIDw1                                      build/stm32f1xx_hal.o
HAL_GetUIDw2                                      build/stm32f1xx_hal.o
HAL_HalfDuplex_EnableReceiver                     build/stm32f1xx_hal_uart.o
HAL_HalfDuplex_EnableTransmitter                  build/stm32f1xx_hal_uart.o
HAL_HalfDuplex_Init                               build/stm32f1xx_hal_uart.o
HAL_IncTick                                       build/stm32f1xx_hal.o
                                                  build/stm32f1xx_it.o
HAL_Init                                          build/stm32f1xx_hal.o
                                                  build/main.o
HAL_InitTick                                      build/stm32f1xx_hal.o
                                                  build/stm32f1xx_hal_rcc.o
HAL_LIN_Init                                      build/stm32f1xx_hal_uart.o
HAL_LIN_SendBreak                                 build/stm32f1xx_hal_uart.o
HAL_MspDeInit                                     build/stm32f1xx_hal.o
HAL_MspInit                                       build/stm32f1xx_hal_msp.o
HAL_MultiProcessor_EnterMuteMode                  build/stm32f1xx_hal_uart.o
HAL_MultiProcessor_ExitMuteMode                   build/stm32f1xx_hal_uart.o
HAL_MultiProcessor_Init                           build/stm32f1xx_hal_uart.o
HAL_NVIC_ClearPendingIRQ                          build/stm32f1xx_hal_cortex.o
HAL_NVIC_DisableIRQ                               build/stm32f1xx_hal_cortex.o
                                                  build/usart.o
HAL_NVIC_EnableIRQ                                build/stm32f1xx_hal_cortex.o
                                                  build/usart.o
HAL_NVIC_GetActive                                build/stm32f1xx_hal_cortex.o
HAL_NVIC_GetPendingIRQ                            build/stm32f1xx_hal_cortex.o
HAL_NVIC_GetPriority                              build/stm32f1xx_hal_cortex.o
HAL_NVIC_GetPriorityGrouping                      build/stm32f1xx_hal_cortex.o
HAL_NVIC_SetPendingIRQ                            build/stm32f1xx_hal_cortex.o
HAL_NVIC_SetPriority                              build/stm32f1xx_hal_cortex.o
                                                  build/stm32f1xx_hal.o
                                                  build/usart.o
HAL_NVIC_SetPriorityGrouping                      build/stm32f1xx_hal_cortex.o
                                                  build/stm32f1xx_hal.o
HAL_NVIC_SystemReset                              build/stm32f1xx_hal_cortex.o
                                                  build/stm32f1xx_hal_flash.o
HAL_PWR_ConfigPVD                                 build/stm32f1xx_hal_pwr.o
HAL_PWR_DeInit                                    build/stm32f1xx_hal_pwr.o
HAL_PWR_DisableBkUpAccess                         build/stm32f1xx_hal_pwr.o
HAL_PWR_DisablePVD                                build/stm32f1xx_hal_pwr.o
HAL_PWR_DisableSEVOnPend                          build/stm32f1xx_hal_pwr.o
HAL_PWR_DisableSleepOnExit                        build/stm32f1xx_hal_pwr.o
HAL_PWR_DisableWakeUpPin                          build/stm32f1xx_hal_pwr.o
HAL_PWR_EnableBkUpAccess                          build/stm32f1xx_hal_pwr.o
HAL_PWR_EnablePVD                                 build/stm32f1xx_hal_pwr.o
HAL_PWR_EnableSEVOnPend                           build/stm32f1xx_hal_pwr.o
HAL_PWR_EnableSleepOnExit                         build/stm32f1xx_hal_pwr.o
HAL_PWR_EnableWakeUpPin                           build/stm32f1xx_hal_pwr.o
HAL_PWR_EnterSLEEPMode                            build/stm32f1xx_hal_pwr.o
HAL_PWR_EnterSTANDBYMode                          build/stm32f1xx_hal_pwr.o
HAL_PWR_EnterSTOPMode                             build/stm32f1xx_hal_pwr.o
HAL_PWR_PVDCallback                               build/stm32f1xx_hal_pwr.o
HAL_PWR_PVD_IRQHandler                            build/stm32f1xx_hal_pwr.o
HAL_RCCEx_GetPeriphCLKConfig                      build/stm32f1xx_hal_rcc_ex.o
HAL_RCCEx_GetPeriphCLKFreq                        build/stm32f1xx_hal_rcc_ex.o
HAL_RCCEx_PeriphCLKConfig                         build/stm32f1xx_hal_rcc_ex.o
HAL_RCC_CSSCallback                               build/stm32f1xx_hal_rcc.o
HAL_RCC_ClockConfig                               build/stm32f1xx_hal_rcc.o
                                                  build/main.o
HAL_RCC_DeInit                                    build/stm32f1xx_hal_rcc.o
HAL_RCC_DisableCSS                                build/stm32f1xx_hal_rcc.o
HAL_RCC_EnableCSS                                 build/stm32f1xx_hal_rcc.o
HAL_RCC_GetClockConfig                            build/stm32f1xx_hal_rcc.o
HAL_RCC_GetHCLKFreq                               build/stm32f1xx_hal_rcc.o
HAL_RCC_GetOscConfig                              build/stm32f1xx_hal_rcc.o
HAL_RCC_GetPCLK1Freq                              build/stm32f1xx_hal_rcc.o
                                                  build/stm32f1xx_hal_uart.o
HAL_RCC_GetPCLK2Freq                              build/stm32f1xx_hal_rcc.o
                                                  build/stm32f1xx_hal_rcc_ex.o
                                                  build/stm32f1xx_hal_uart.o
HAL_RCC_GetSysClockFreq                           build/stm32f1xx_hal_rcc.o
                                                  build/stm32f1xx_hal_rcc_ex.o
HAL_RCC_MCOConfig                                 build/stm32f1xx_hal_rcc.o
HAL_RCC_NMI_IRQHandler                            build/stm32f1xx_hal_rcc.o
HAL_RCC_OscConfig                                 build/stm32f1xx_hal_rcc.o
                                                  build/main.o
HAL_ResumeTick                                    build/stm32f1xx_hal.o
HAL_SYSTICK_CLKSourceConfig                       build/stm32f1xx_hal_cortex.o
HAL_SYSTICK_Callback                              build/stm32f1xx_hal_cortex.o
HAL_SYSTICK_Config                                build/stm32f1xx_hal_cortex.o
                                                  build/stm32f1xx_hal.o
HAL_SYSTICK_IRQHandler                            build/stm32f1xx_hal_cortex.o
HAL_SetTickFreq                                   build/stm32f1xx_hal.o
HAL_SuspendTick                                   build/stm32f1xx_hal.o
HAL_UART_Abort                                    build/stm32f1xx_hal_uart.o
HAL_UART_AbortCpltCallback                        build/stm32f1xx_hal_uart.o
HAL_UART_AbortReceive                             build/stm32f1xx_hal_uart.o
HAL_UART_AbortReceiveCpltCallback                 build/stm32f1xx_hal_uart.o
HAL_UART_AbortReceive_IT                          build/stm32f1xx_hal_uart.o
                                                  build/Control_usart.o
HAL_UART_AbortTransmit                            build/stm32f1xx_hal_uart.o
HAL_UART_AbortTransmitCpltCallback                build/stm32f1xx_hal_uart.o
HAL_UART_AbortTransmit_IT                         build/stm32f1xx_hal_uart.o
HAL_UART_Abort_IT                                 build/stm32f1xx_hal_uart.o
HAL_UART_DMAPause                                 build/stm32f1xx_hal_uart.o
HAL_UART_DMAResume                                build/stm32f1xx_hal_uart.o
HAL_UART_DMAStop                                  build/stm32f1xx_hal_uart.o
HAL_UART_DeInit                                   build/stm32f1xx_hal_uart.o
HAL_UART_ErrorCallback                            build/Control_usart.o
HAL_UART_GetError                                 build/stm32f1xx_hal_uart.o
HAL_UART_GetState                                 build/stm32f1xx_hal_uart.o
HAL_UART_IRQHandler                               build/stm32f1xx_hal_uart.o
                                                  build/stm32f1xx_it.o
HAL_UART_Init                                     build/stm32f1xx_hal_uart.o
                                                  build/Control_usart.o
HAL_UART_MspDeInit                                build/usart.o
HAL_UART_MspInit                                  build/usart.o
HAL_UART_Receive                                  build/stm32f1xx_hal_uart.o
HAL_UART_Receive_DMA                              build/stm32f1xx_hal_uart.o
HAL_UART_Receive_IT                               build/stm32f1xx_hal_uart.o
                                                  build/Control_usart.o
HAL_UART_RxCpltCallback                           build/Control_usart.o
HAL_UART_RxHalfCpltCallback                       build/stm32f1xx_hal_uart.o
HAL_UART_Transmit                                 build/stm32f1xx_hal_uart.o
                                                  build/Control_usart.o
HAL_UART_Transmit_DMA                             build/stm32f1xx_hal_uart.o
HAL_UART_Transmit_IT                              build/stm32f1xx_hal_uart.o
HAL_UART_TxCpltCallback                           build/stm32f1xx_hal_uart.o
HAL_UART_TxHalfCpltCallback                       build/stm32f1xx_hal_uart.o
HardFault_Handler                                 build/stm32f1xx_it.o
I2C1_ER_IRQHandler                                build/startup_stm32f103xe.o
I2C1_EV_IRQHandler                                build/startup_stm32f103xe.o
I2C2_ER_IRQHandler                                build/startup_stm32f103xe.o
I2C2_EV_IRQHandler                                build/startup_stm32f103xe.o
MX_ALL_OF_UART_Init                               build/Control_usart.o
                                                  build/main.o
MX_GPIO_Init                                      build/gpio.o
                                                  build/main.o
MX_SINGLE_OF_UART_Init                            build/Control_usart.o
MemManage_Handler                                 build/stm32f1xx_it.o
NMI_Handler                                       build/stm32f1xx_it.o
PVD_IRQHandler                                    build/startup_stm32f103xe.o
P_printf                                          build/Control_usart.o
PendSV_Handler                                    build/stm32f1xx_it.o
RCC_IRQHandler                                    build/startup_stm32f103xe.o
RTC_Alarm_IRQHandler                              build/startup_stm32f103xe.o
RTC_IRQHandler                                    build/startup_stm32f103xe.o
Reset_Handler                                     build/startup_stm32f103xe.o
SDIO_IRQHandler                                   build/startup_stm32f103xe.o
SPI1_IRQHandler                                   build/startup_stm32f103xe.o
SPI2_IRQHandler                                   build/startup_stm32f103xe.o
SPI3_IRQHandler                                   build/startup_stm32f103xe.o
SVC_Handler                                       build/stm32f1xx_it.o
SysTick_Handler                                   build/stm32f1xx_it.o
SystemClock_Config                                build/main.o
SystemCoreClock                                   build/system_stm32f1xx.o
                                                  build/stm32f1xx_hal_rcc.o
                                                  build/stm32f1xx_hal.o
SystemCoreClockUpdate                             build/system_stm32f1xx.o
SystemInit                                        build/system_stm32f1xx.o
                                                  build/startup_stm32f103xe.o
TAMPER_IRQHandler                                 build/startup_stm32f103xe.o
TIM1_BRK_IRQHandler                               build/startup_stm32f103xe.o
TIM1_CC_IRQHandler                                build/startup_stm32f103xe.o
TIM1_TRG_COM_IRQHandler                           build/startup_stm32f103xe.o
TIM1_UP_IRQHandler                                build/startup_stm32f103xe.o
TIM2_IRQHandler                                   build/startup_stm32f103xe.o
TIM3_IRQHandler                                   build/startup_stm32f103xe.o
TIM4_IRQHandler                                   build/startup_stm32f103xe.o
TIM5_IRQHandler                                   build/startup_stm32f103xe.o
TIM6_IRQHandler                                   build/startup_stm32f103xe.o
TIM7_IRQHandler                                   build/startup_stm32f103xe.o
TIM8_BRK_IRQHandler                               build/startup_stm32f103xe.o
TIM8_CC_IRQHandler                                build/startup_stm32f103xe.o
TIM8_TRG_COM_IRQHandler                           build/startup_stm32f103xe.o
TIM8_UP_IRQHandler                                build/startup_stm32f103xe.o
UART1_RxBuff                                      build/Control_usart.o
UART4_IRQHandler                                  build/stm32f1xx_it.o
UART5_IRQHandler                                  build/stm32f1xx_it.o
UARTReceive_IDLE                                  build/Control_usart.o
                                                  build/stm32f1xx_it.o
USART1_IRQHandler                                 build/stm32f1xx_it.o
USART2_IRQHandler                                 build/stm32f1xx_it.o
USART3_IRQHandler                                 build/stm32f1xx_it.o
USBWakeUp_IRQHandler                              build/startup_stm32f103xe.o
USB_HP_CAN1_TX_IRQHandler                         build/startup_stm32f103xe.o
USB_LP_CAN1_RX0_IRQHandler                        build/startup_stm32f103xe.o
UsageFault_Handler                                build/stm32f1xx_it.o
WWDG_IRQHandler                                   build/startup_stm32f103xe.o
_Jv_RegisterClasses                               /Users/leixiaoxiang/opt/gcc-arm-none-eabi/bin/../lib/gcc/arm-none-eabi/5.4.1/armv7-m/crtbegin.o
__bss_end__                                       /Users/leixiaoxiang/opt/gcc-arm-none-eabi/bin/../lib/gcc/arm-none-eabi/5.4.1/../../../../arm-none-eabi/lib/armv7-m/crt0.o
__bss_start__                                     /Users/leixiaoxiang/opt/gcc-arm-none-eabi/bin/../lib/gcc/arm-none-eabi/5.4.1/../../../../arm-none-eabi/lib/armv7-m/crt0.o
__call_exitprocs                                  /Users/leixiaoxiang/opt/gcc-arm-none-eabi/bin/../lib/gcc/arm-none-eabi/5.4.1/../../../../arm-none-eabi/lib/armv7-m/libc_nano.a(lib_a-exit.o)
__deregister_frame_info                           /Users/leixiaoxiang/opt/gcc-arm-none-eabi/bin/../lib/gcc/arm-none-eabi/5.4.1/armv7-m/crtbegin.o
__dso_handle                                      /Users/leixiaoxiang/opt/gcc-arm-none-eabi/bin/../lib/gcc/arm-none-eabi/5.4.1/armv7-m/crtbegin.o
__fp_lock_all                                     /Users/leixiaoxiang/opt/gcc-arm-none-eabi/bin/../lib/gcc/arm-none-eabi/5.4.1/../../../../arm-none-eabi/lib/armv7-m/libc_nano.a(lib_a-findfp.o)
__fp_unlock_all                                   /Users/leixiaoxiang/opt/gcc-arm-none-eabi/bin/../lib/gcc/arm-none-eabi/5.4.1/../../../../arm-none-eabi/lib/armv7-m/libc_nano.a(lib_a-findfp.o)
__init_array_end                                  /Users/leixiaoxiang/opt/gcc-arm-none-eabi/bin/../lib/gcc/arm-none-eabi/5.4.1/../../../../arm-none-eabi/lib/armv7-m/libc_nano.a(lib_a-init.o)
__init_array_start                                /Users/leixiaoxiang/opt/gcc-arm-none-eabi/bin/../lib/gcc/arm-none-eabi/5.4.1/../../../../arm-none-eabi/lib/armv7-m/libc_nano.a(lib_a-init.o)
__io_putchar                                      build/Control_usart.o
__libc_fini_array                                 /Users/leixiaoxiang/opt/gcc-arm-none-eabi/bin/../lib/gcc/arm-none-eabi/5.4.1/../../../../arm-none-eabi/lib/armv7-m/crt0.o
__libc_init_array                                 /Users/leixiaoxiang/opt/gcc-arm-none-eabi/bin/../lib/gcc/arm-none-eabi/5.4.1/../../../../arm-none-eabi/lib/armv7-m/libc_nano.a(lib_a-init.o)
                                                  build/startup_stm32f103xe.o
                                                  /Users/leixiaoxiang/opt/gcc-arm-none-eabi/bin/../lib/gcc/arm-none-eabi/5.4.1/../../../../arm-none-eabi/lib/armv7-m/crt0.o
__malloc_free_list                                /Users/leixiaoxiang/opt/gcc-arm-none-eabi/bin/../lib/gcc/arm-none-eabi/5.4.1/../../../../arm-none-eabi/lib/armv7-m/libc_nano.a(lib_a-nano-mallocr.o)
                                                  /Users/leixiaoxiang/opt/gcc-arm-none-eabi/bin/../lib/gcc/arm-none-eabi/5.4.1/../../../../arm-none-eabi/lib/armv7-m/libc_nano.a(lib_a-nano-freer.o)
__malloc_lock                                     /Users/leixiaoxiang/opt/gcc-arm-none-eabi/bin/../lib/gcc/arm-none-eabi/5.4.1/../../../../arm-none-eabi/lib/armv7-m/libc_nano.a(lib_a-mlock.o)
                                                  /Users/leixiaoxiang/opt/gcc-arm-none-eabi/bin/../lib/gcc/arm-none-eabi/5.4.1/../../../../arm-none-eabi/lib/armv7-m/libc_nano.a(lib_a-nano-mallocr.o)
                                                  /Users/leixiaoxiang/opt/gcc-arm-none-eabi/bin/../lib/gcc/arm-none-eabi/5.4.1/../../../../arm-none-eabi/lib/armv7-m/libc_nano.a(lib_a-nano-freer.o)
__malloc_sbrk_start                               /Users/leixiaoxiang/opt/gcc-arm-none-eabi/bin/../lib/gcc/arm-none-eabi/5.4.1/../../../../arm-none-eabi/lib/armv7-m/libc_nano.a(lib_a-nano-mallocr.o)
__malloc_unlock                                   /Users/leixiaoxiang/opt/gcc-arm-none-eabi/bin/../lib/gcc/arm-none-eabi/5.4.1/../../../../arm-none-eabi/lib/armv7-m/libc_nano.a(lib_a-mlock.o)
                                                  /Users/leixiaoxiang/opt/gcc-arm-none-eabi/bin/../lib/gcc/arm-none-eabi/5.4.1/../../../../arm-none-eabi/lib/armv7-m/libc_nano.a(lib_a-nano-mallocr.o)
                                                  /Users/leixiaoxiang/opt/gcc-arm-none-eabi/bin/../lib/gcc/arm-none-eabi/5.4.1/../../../../arm-none-eabi/lib/armv7-m/libc_nano.a(lib_a-nano-freer.o)
__preinit_array_end                               /Users/leixiaoxiang/opt/gcc-arm-none-eabi/bin/../lib/gcc/arm-none-eabi/5.4.1/../../../../arm-none-eabi/lib/armv7-m/libc_nano.a(lib_a-init.o)
__preinit_array_start                             /Users/leixiaoxiang/opt/gcc-arm-none-eabi/bin/../lib/gcc/arm-none-eabi/5.4.1/../../../../arm-none-eabi/lib/armv7-m/libc_nano.a(lib_a-init.o)
__register_frame_info                             /Users/leixiaoxiang/opt/gcc-arm-none-eabi/bin/../lib/gcc/arm-none-eabi/5.4.1/armv7-m/crtbegin.o
__sclose                                          /Users/leixiaoxiang/opt/gcc-arm-none-eabi/bin/../lib/gcc/arm-none-eabi/5.4.1/../../../../arm-none-eabi/lib/armv7-m/libc_nano.a(lib_a-stdio.o)
                                                  /Users/leixiaoxiang/opt/gcc-arm-none-eabi/bin/../lib/gcc/arm-none-eabi/5.4.1/../../../../arm-none-eabi/lib/armv7-m/libc_nano.a(lib_a-findfp.o)
__seofread                                        /Users/leixiaoxiang/opt/gcc-arm-none-eabi/bin/../lib/gcc/arm-none-eabi/5.4.1/../../../../arm-none-eabi/lib/armv7-m/libc_nano.a(lib_a-stdio.o)
__sf_fake_stderr                                  /Users/leixiaoxiang/opt/gcc-arm-none-eabi/bin/../lib/gcc/arm-none-eabi/5.4.1/../../../../arm-none-eabi/lib/armv7-m/libc_nano.a(lib_a-findfp.o)
                                                  /Users/leixiaoxiang/opt/gcc-arm-none-eabi/bin/../lib/gcc/arm-none-eabi/5.4.1/../../../../arm-none-eabi/lib/armv7-m/libc_nano.a(lib_a-fflush.o)
                                                  /Users/leixiaoxiang/opt/gcc-arm-none-eabi/bin/../lib/gcc/arm-none-eabi/5.4.1/../../../../arm-none-eabi/lib/armv7-m/libc_nano.a(lib_a-wsetup.o)
                                                  /Users/leixiaoxiang/opt/gcc-arm-none-eabi/bin/../lib/gcc/arm-none-eabi/5.4.1/../../../../arm-none-eabi/lib/armv7-m/libc_nano.a(lib_a-wbuf.o)
                                                  /Users/leixiaoxiang/opt/gcc-arm-none-eabi/bin/../lib/gcc/arm-none-eabi/5.4.1/../../../../arm-none-eabi/lib/armv7-m/libc_nano.a(lib_a-puts.o)
                                                  /Users/leixiaoxiang/opt/gcc-arm-none-eabi/bin/../lib/gcc/arm-none-eabi/5.4.1/../../../../arm-none-eabi/lib/armv7-m/libc_nano.a(lib_a-impure.o)
__sf_fake_stdin                                   /Users/leixiaoxiang/opt/gcc-arm-none-eabi/bin/../lib/gcc/arm-none-eabi/5.4.1/../../../../arm-none-eabi/lib/armv7-m/libc_nano.a(lib_a-findfp.o)
                                                  /Users/leixiaoxiang/opt/gcc-arm-none-eabi/bin/../lib/gcc/arm-none-eabi/5.4.1/../../../../arm-none-eabi/lib/armv7-m/libc_nano.a(lib_a-fflush.o)
                                                  /Users/leixiaoxiang/opt/gcc-arm-none-eabi/bin/../lib/gcc/arm-none-eabi/5.4.1/../../../../arm-none-eabi/lib/armv7-m/libc_nano.a(lib_a-wsetup.o)
                                                  /Users/leixiaoxiang/opt/gcc-arm-none-eabi/bin/../lib/gcc/arm-none-eabi/5.4.1/../../../../arm-none-eabi/lib/armv7-m/libc_nano.a(lib_a-wbuf.o)
                                                  /Users/leixiaoxiang/opt/gcc-arm-none-eabi/bin/../lib/gcc/arm-none-eabi/5.4.1/../../../../arm-none-eabi/lib/armv7-m/libc_nano.a(lib_a-puts.o)
                                                  /Users/leixiaoxiang/opt/gcc-arm-none-eabi/bin/../lib/gcc/arm-none-eabi/5.4.1/../../../../arm-none-eabi/lib/armv7-m/libc_nano.a(lib_a-impure.o)
__sf_fake_stdout                                  /Users/leixiaoxiang/opt/gcc-arm-none-eabi/bin/../lib/gcc/arm-none-eabi/5.4.1/../../../../arm-none-eabi/lib/armv7-m/libc_nano.a(lib_a-findfp.o)
                                                  /Users/leixiaoxiang/opt/gcc-arm-none-eabi/bin/../lib/gcc/arm-none-eabi/5.4.1/../../../../arm-none-eabi/lib/armv7-m/libc_nano.a(lib_a-fflush.o)
                                                  /Users/leixiaoxiang/opt/gcc-arm-none-eabi/bin/../lib/gcc/arm-none-eabi/5.4.1/../../../../arm-none-eabi/lib/armv7-m/libc_nano.a(lib_a-wsetup.o)
                                                  /Users/leixiaoxiang/opt/gcc-arm-none-eabi/bin/../lib/gcc/arm-none-eabi/5.4.1/../../../../arm-none-eabi/lib/armv7-m/libc_nano.a(lib_a-wbuf.o)
                                                  /Users/leixiaoxiang/opt/gcc-arm-none-eabi/bin/../lib/gcc/arm-none-eabi/5.4.1/../../../../arm-none-eabi/lib/armv7-m/libc_nano.a(lib_a-puts.o)
                                                  /Users/leixiaoxiang/opt/gcc-arm-none-eabi/bin/../lib/gcc/arm-none-eabi/5.4.1/../../../../arm-none-eabi/lib/armv7-m/libc_nano.a(lib_a-impure.o)
__sflush_r                                        /Users/leixiaoxiang/opt/gcc-arm-none-eabi/bin/../lib/gcc/arm-none-eabi/5.4.1/../../../../arm-none-eabi/lib/armv7-m/libc_nano.a(lib_a-fflush.o)
__sfmoreglue                                      /Users/leixiaoxiang/opt/gcc-arm-none-eabi/bin/../lib/gcc/arm-none-eabi/5.4.1/../../../../arm-none-eabi/lib/armv7-m/libc_nano.a(lib_a-findfp.o)
__sfp                                             /Users/leixiaoxiang/opt/gcc-arm-none-eabi/bin/../lib/gcc/arm-none-eabi/5.4.1/../../../../arm-none-eabi/lib/armv7-m/libc_nano.a(lib_a-findfp.o)
__sfp_lock_acquire                                /Users/leixiaoxiang/opt/gcc-arm-none-eabi/bin/../lib/gcc/arm-none-eabi/5.4.1/../../../../arm-none-eabi/lib/armv7-m/libc_nano.a(lib_a-findfp.o)
__sfp_lock_release                                /Users/leixiaoxiang/opt/gcc-arm-none-eabi/bin/../lib/gcc/arm-none-eabi/5.4.1/../../../../arm-none-eabi/lib/armv7-m/libc_nano.a(lib_a-findfp.o)
__sinit                                           /Users/leixiaoxiang/opt/gcc-arm-none-eabi/bin/../lib/gcc/arm-none-eabi/5.4.1/../../../../arm-none-eabi/lib/armv7-m/libc_nano.a(lib_a-findfp.o)
                                                  /Users/leixiaoxiang/opt/gcc-arm-none-eabi/bin/../lib/gcc/arm-none-eabi/5.4.1/../../../../arm-none-eabi/lib/armv7-m/libc_nano.a(lib_a-fflush.o)
                                                  /Users/leixiaoxiang/opt/gcc-arm-none-eabi/bin/../lib/gcc/arm-none-eabi/5.4.1/../../../../arm-none-eabi/lib/armv7-m/libc_nano.a(lib_a-wsetup.o)
                                                  /Users/leixiaoxiang/opt/gcc-arm-none-eabi/bin/../lib/gcc/arm-none-eabi/5.4.1/../../../../arm-none-eabi/lib/armv7-m/libc_nano.a(lib_a-wbuf.o)
                                                  /Users/leixiaoxiang/opt/gcc-arm-none-eabi/bin/../lib/gcc/arm-none-eabi/5.4.1/../../../../arm-none-eabi/lib/armv7-m/libc_nano.a(lib_a-puts.o)
__sinit_lock_acquire                              /Users/leixiaoxiang/opt/gcc-arm-none-eabi/bin/../lib/gcc/arm-none-eabi/5.4.1/../../../../arm-none-eabi/lib/armv7-m/libc_nano.a(lib_a-findfp.o)
__sinit_lock_release                              /Users/leixiaoxiang/opt/gcc-arm-none-eabi/bin/../lib/gcc/arm-none-eabi/5.4.1/../../../../arm-none-eabi/lib/armv7-m/libc_nano.a(lib_a-findfp.o)
__smakebuf_r                                      /Users/leixiaoxiang/opt/gcc-arm-none-eabi/bin/../lib/gcc/arm-none-eabi/5.4.1/../../../../arm-none-eabi/lib/armv7-m/libc_nano.a(lib_a-makebuf.o)
                                                  /Users/leixiaoxiang/opt/gcc-arm-none-eabi/bin/../lib/gcc/arm-none-eabi/5.4.1/../../../../arm-none-eabi/lib/armv7-m/libc_nano.a(lib_a-wsetup.o)
__sread                                           /Users/leixiaoxiang/opt/gcc-arm-none-eabi/bin/../lib/gcc/arm-none-eabi/5.4.1/../../../../arm-none-eabi/lib/armv7-m/libc_nano.a(lib_a-stdio.o)
                                                  /Users/leixiaoxiang/opt/gcc-arm-none-eabi/bin/../lib/gcc/arm-none-eabi/5.4.1/../../../../arm-none-eabi/lib/armv7-m/libc_nano.a(lib_a-findfp.o)
__sseek                                           /Users/leixiaoxiang/opt/gcc-arm-none-eabi/bin/../lib/gcc/arm-none-eabi/5.4.1/../../../../arm-none-eabi/lib/armv7-m/libc_nano.a(lib_a-stdio.o)
                                                  /Users/leixiaoxiang/opt/gcc-arm-none-eabi/bin/../lib/gcc/arm-none-eabi/5.4.1/../../../../arm-none-eabi/lib/armv7-m/libc_nano.a(lib_a-findfp.o)
__stack                                           /Users/leixiaoxiang/opt/gcc-arm-none-eabi/bin/../lib/gcc/arm-none-eabi/5.4.1/../../../../arm-none-eabi/lib/armv7-m/crt0.o
__swbuf                                           /Users/leixiaoxiang/opt/gcc-arm-none-eabi/bin/../lib/gcc/arm-none-eabi/5.4.1/../../../../arm-none-eabi/lib/armv7-m/libc_nano.a(lib_a-wbuf.o)
__swbuf_r                                         /Users/leixiaoxiang/opt/gcc-arm-none-eabi/bin/../lib/gcc/arm-none-eabi/5.4.1/../../../../arm-none-eabi/lib/armv7-m/libc_nano.a(lib_a-wbuf.o)