Archive member included to satisfy reference by file (symbol)

/Users/leixiaoxiang/opt/gcc-arm-none-eabi/bin/../lib/gcc/arm-none-eabi/5.4.1/../../../../arm-none-eabi/lib/armv7-m/libc_nano.a(lib_a-exit.o)
                              /Users/leixiaoxiang/opt/gcc-arm-none-eabi/bin/../lib/gcc/arm-none-eabi/5.4.1/../../../../arm-none-eabi/lib/armv7-m/crt0.o (exit)
/Users/leixiaoxiang/opt/gcc-arm-none-eabi/bin/../lib/gcc/arm-none-eabi/5.4.1/../../../../arm-none-eabi/lib/armv7-m/libc_nano.a(lib_a-impure.o)
                              /Users/leixiaoxiang/opt/gcc-arm-none-eabi/bin/../lib/gcc/arm-none-eabi/5.4.1/../../../../arm-none-eabi/lib/armv7-m/libc_nano.a(lib_a-exit.o) (_global_impure_ptr)
/Users/leixiaoxiang/opt/gcc-arm-none-eabi/bin/../lib/gcc/arm-none-eabi/5.4.1/../../../../arm-none-eabi/lib/armv7-m/libc_nano.a(lib_a-init.o)
                              /Users/leixiaoxiang/opt/gcc-arm-none-eabi/bin/../lib/gcc/arm-none-eabi/5.4.1/../../../../arm-none-eabi/lib/armv7-m/crt0.o (__libc_init_array)
/Users/leixiaoxiang/opt/gcc-arm-none-eabi/bin/../lib/gcc/arm-none-eabi/5.4.1/../../../../arm-none-eabi/lib/armv7-m/libc_nano.a(lib_a-memcpy-stub.o)
                              build/Control_usart.o (memcpy)
/Users/leixiaoxiang/opt/gcc-arm-none-eabi/bin/../lib/gcc/arm-none-eabi/5.4.1/../../../../arm-none-eabi/lib/armv7-m/libc_nano.a(lib_a-memset.o)
                              /Users/leixiaoxiang/opt/gcc-arm-none-eabi/bin/../lib/gcc/arm-none-eabi/5.4.1/../../../../arm-none-eabi/lib/armv7-m/crt0.o (memset)
/Users/leixiaoxiang/opt/gcc-arm-none-eabi/bin/../lib/gcc/arm-none-eabi/5.4.1/../../../../arm-none-eabi/lib/armv7-m/libnosys.a(_exit.o)
                              /Users/leixiaoxiang/opt/gcc-arm-none-eabi/bin/../lib/gcc/arm-none-eabi/5.4.1/../../../../arm-none-eabi/lib/armv7-m/libc_nano.a(lib_a-exit.o) (_exit)

Allocating common symbols
Common symbol       size              file

UART3_RxBuff        0x3e8             build/Control_usart.o
UART5_RxBuff        0x3e8             build/Control_usart.o
UART4_RxBuff        0x3e8             build/Control_usart.o
uwTick              0x4               build/stm32f1xx_hal.o
pFlash              0x20              build/stm32f1xx_hal_flash.o
UART1_RxBuff        0x3e8             build/Control_usart.o
UART2_RxBuff        0x3e8             build/Control_usart.o

Discarded input sections

 .text          0x0000000000000000        0x0 /Users/leixiaoxiang/opt/gcc-arm-none-eabi/bin/../lib/gcc/arm-none-eabi/5.4.1/armv7-m/crti.o
 .data          0x0000000000000000        0x0 /Users/leixiaoxiang/opt/gcc-arm-none-eabi/bin/../lib/gcc/arm-none-eabi/5.4.1/armv7-m/crti.o
 .bss           0x0000000000000000        0x0 /Users/leixiaoxiang/opt/gcc-arm-none-eabi/bin/../lib/gcc/arm-none-eabi/5.4.1/armv7-m/crti.o
 .data          0x0000000000000000        0x4 /Users/leixiaoxiang/opt/gcc-arm-none-eabi/bin/../lib/gcc/arm-none-eabi/5.4.1/armv7-m/crtbegin.o
 .text          0x0000000000000000       0x74 /Users/leixiaoxiang/opt/gcc-arm-none-eabi/bin/../lib/gcc/arm-none-eabi/5.4.1/../../../../arm-none-eabi/lib/armv7-m/crt0.o
 .data          0x0000000000000000        0x0 /Users/leixiaoxiang/opt/gcc-arm-none-eabi/bin/../lib/gcc/arm-none-eabi/5.4.1/../../../../arm-none-eabi/lib/armv7-m/crt0.o
 .bss           0x0000000000000000        0x0 /Users/leixiaoxiang/opt/gcc-arm-none-eabi/bin/../lib/gcc/arm-none-eabi/5.4.1/../../../../arm-none-eabi/lib/armv7-m/crt0.o
 .ARM.extab     0x0000000000000000        0x0 /Users/leixiaoxiang/opt/gcc-arm-none-eabi/bin/../lib/gcc/arm-none-eabi/5.4.1/../../../../arm-none-eabi/lib/armv7-m/crt0.o
 .ARM.exidx     0x0000000000000000        0x8 /Users/leixiaoxiang/opt/gcc-arm-none-eabi/bin/../lib/gcc/arm-none-eabi/5.4.1/../../../../arm-none-eabi/lib/armv7-m/crt0.o
 .ARM.attributes
                0x0000000000000000       0x1b /Users/leixiaoxiang/opt/gcc-arm-none-eabi/bin/../lib/gcc/arm-none-eabi/5.4.1/../../../../arm-none-eabi/lib/armv7-m/crt0.o
 .text          0x0000000000000000        0x0 build/main.o
 .data          0x0000000000000000        0x0 build/main.o
 .bss           0x0000000000000000        0x0 build/main.o
 .text          0x0000000000000000        0x0 build/gpio.o
 .data          0x0000000000000000        0x0 build/gpio.o
 .bss           0x0000000000000000        0x0 build/gpio.o
 .text          0x0000000000000000        0x0 build/usart.o
 .data          0x0000000000000000        0x0 build/usart.o
 .bss           0x0000000000000000        0x0 build/usart.o
 .text.HAL_UART_MspDeInit
                0x0000000000000000       0xe4 build/usart.o
 .text          0x0000000000000000        0x0 build/Control_usart.o
 .data          0x0000000000000000        0x0 build/Control_usart.o
 .bss           0x0000000000000000        0x0 build/Control_usart.o
 .text.GetRxData
                0x0000000000000000       0x1c build/Control_usart.o
 .text.__io_putchar
                0x0000000000000000       0x24 build/Control_usart.o
[...]
Memory Configuration

Name             Origin             Length             Attributes
RAM              0x0000000020000000 0x0000000000010000 xrw
FLASH            0x0000000008000000 0x0000000000080000 xr
*default*        0x0000000000000000 0xffffffffffffffff

Linker script and memory map

LOAD /Users/leixiaoxiang/opt/gcc-arm-none-eabi/bin/../lib/gcc/arm-none-eabi/5.4.1/armv7-m/crti.o
LOAD /Users/leixiaoxiang/opt/gcc-arm-none-eabi/bin/../lib/gcc/arm-none-eabi/5.4.1/armv7-m/crtbegin.o
LOAD /Users/leixiaoxiang/opt/gcc-arm-none-eabi/bin/../lib/gcc/arm-none-eabi/5.4.1/../../../../arm-none-eabi/lib/armv7-m/crt0.o
LOAD build/main.o
LOAD build/gpio.o
LOAD build/usart.o
LOAD build/Control_usart.o
LOAD build/stm32f1xx_it.o
LOAD build/stm32f1xx_hal_msp.o
LOAD build/stm32f1xx_hal_gpio_ex.o
LOAD build/stm32f1xx_hal_tim.o
LOAD build/stm32f1xx_hal_tim_ex.o
LOAD build/stm32f1xx_hal_uart.o
LOAD build/stm32f1xx_hal.o
LOAD build/stm32f1xx_hal_rcc.o
LOAD build/stm32f1xx_hal_rcc_ex.o
LOAD build/stm32f1xx_hal_gpio.o
LOAD build/stm32f1xx_hal_dma.o
LOAD build/stm32f1xx_hal_cortex.o
LOAD build/stm32f1xx_hal_pwr.o
LOAD build/stm32f1xx_hal_flash.o
LOAD build/stm32f1xx_hal_flash_ex.o
LOAD build/stm32f1xx_hal_exti.o
LOAD build/system_stm32f1xx.o
LOAD build/startup_stm32f103xe.o
LOAD /Users/leixiaoxiang/opt/gcc-arm-none-eabi/bin/../lib/gcc/arm-none-eabi/5.4.1/../../../../arm-none-eabi/lib/armv7-m/libc_nano.a
LOAD /Users/leixiaoxiang/opt/gcc-arm-none-eabi/bin/../lib/gcc/arm-none-eabi/5.4.1/../../../../arm-none-eabi/lib/armv7-m/libm.a
LOAD /Users/leixiaoxiang/opt/gcc-arm-none-eabi/bin/../lib/gcc/arm-none-eabi/5.4.1/../../../../arm-none-eabi/lib/armv7-m/libnosys.a
START GROUP
LOAD /Users/leixiaoxiang/opt/gcc-arm-none-eabi/bin/../lib/gcc/arm-none-eabi/5.4.1/armv7-m/libgcc.a
LOAD /Users/leixiaoxiang/opt/gcc-arm-none-eabi/bin/../lib/gcc/arm-none-eabi/5.4.1/../../../../arm-none-eabi/lib/armv7-m/libc_nano.a
END GROUP
START GROUP
LOAD /Users/leixiaoxiang/opt/gcc-arm-none-eabi/bin/../lib/gcc/arm-none-eabi/5.4.1/armv7-m/libgcc.a
LOAD /Users/leixiaoxiang/opt/gcc-arm-none-eabi/bin/../lib/gcc/arm-none-eabi/5.4.1/../../../../arm-none-eabi/lib/armv7-m/libc_nano.a
END GROUP
LOAD /Users/leixiaoxiang/opt/gcc-arm-none-eabi/bin/../lib/gcc/arm-none-eabi/5.4.1/armv7-m/crtend.o
LOAD /Users/leixiaoxiang/opt/gcc-arm-none-eabi/bin/../lib/gcc/arm-none-eabi/5.4.1/armv7-m/crtn.o
                0x0000000020010000                _estack = 0x20010000
                0x0000000000000200                _Min_Heap_Size = 0x200
                0x0000000000000400                _Min_Stack_Size = 0x400

.isr_vector     0x0000000008000000      0x1e4
                0x0000000008000000                . = ALIGN (0x4)
 *(.isr_vector)
 .isr_vector    0x0000000008000000      0x1e4 build/startup_stm32f103xe.o
                0x0000000008000000                g_pfnVectors
                0x00000000080001e4                . = ALIGN (0x4)

.text           0x00000000080001e4     0x1680
                0x00000000080001e4                . = ALIGN (0x4)
 *(.text)
 .text          0x00000000080001e4       0x5c /Users/leixiaoxiang/opt/gcc-arm-none-eabi/bin/../lib/gcc/arm-none-eabi/5.4.1/armv7-m/crtbegin.o
 *(.text*)
 .text.SystemClock_Config
                0x0000000008000240       0x54 build/main.o
                0x0000000008000240                SystemClock_Config
 .text.main     0x0000000008000294       0x14 build/main.o
                0x0000000008000294                main
 .text.Error_Handler
                0x00000000080002a8        0x4 build/main.o
                0x00000000080002a8                Error_Handler
 .text.MX_GPIO_Init
                0x00000000080002ac       0x54 build/gpio.o
                0x00000000080002ac                MX_GPIO_Init
 .text.HAL_UART_MspInit
                0x0000000008000300      0x258 build/usart.o
                0x0000000008000300                HAL_UART_MspInit
 .text.MX_SINGLE_OF_UART_Init
                0x0000000008000558       0x48 build/Control_usart.o
                0x0000000008000558                MX_SINGLE_OF_UART_Init
 .text.MX_ALL_OF_UART_Init
                0x00000000080005a0       0x18 build/Control_usart.o
                0x00000000080005a0                MX_ALL_OF_UART_Init
 .text.UARTReceive_IDLE
                0x00000000080005b8       0x28 build/Control_usart.o
                0x00000000080005b8                UARTReceive_IDLE
 .text.HAL_UART_RxCpltCallback
                0x00000000080005e0        0x4 build/Control_usart.o
                0x00000000080005e0                HAL_UART_RxCpltCallback
 .text.HAL_UART_ErrorCallback
                0x00000000080005e4       0xd0 build/Control_usart.o
                0x00000000080005e4                HAL_UART_ErrorCallback
 .text.NMI_Handler
                0x00000000080006b4        0x4 build/stm32f1xx_it.o
                0x00000000080006b4                NMI_Handler
 .text.HardFault_Handler
                0x00000000080006b8        0x4 build/stm32f1xx_it.o
                0x00000000080006b8                HardFault_Handler
 .text.MemManage_Handler
                0x00000000080006bc        0x4 build/stm32f1xx_it.o
                0x00000000080006bc                MemManage_Handler
 .text.BusFault_Handler
                0x00000000080006c0        0x4 build/stm32f1xx_it.o
                0x00000000080006c0                BusFault_Handler
 .text.UsageFault_Handler
                0x00000000080006c4        0x4 build/stm32f1xx_it.o
                0x00000000080006c4                UsageFault_Handler
 .text.SVC_Handler
                0x00000000080006c8        0x4 build/stm32f1xx_it.o
                0x00000000080006c8                SVC_Handler
 .text.DebugMon_Handler
                0x00000000080006cc        0x4 build/stm32f1xx_it.o
                0x00000000080006cc                DebugMon_Handler
 .text.PendSV_Handler
                0x00000000080006d0        0x4 build/stm32f1xx_it.o
                0x00000000080006d0                PendSV_Handler
 .text.SysTick_Handler
                0x00000000080006d4        0x8 build/stm32f1xx_it.o
                0x00000000080006d4                SysTick_Handler
 .text.USART1_IRQHandler
                0x00000000080006dc       0x10 build/stm32f1xx_it.o
                0x00000000080006dc                USART1_IRQHandler
 .text.USART2_IRQHandler
                0x00000000080006ec       0x10 build/stm32f1xx_it.o
                0x00000000080006ec                USART2_IRQHandler
 .text.USART3_IRQHandler
                0x00000000080006fc       0x10 build/stm32f1xx_it.o
                0x00000000080006fc                USART3_IRQHandler
 .text.UART4_IRQHandler
                0x000000000800070c       0x20 build/stm32f1xx_it.o
                0x000000000800070c                UART4_IRQHandler
 .text.UART5_IRQHandler
                0x000000000800072c       0x20 build/stm32f1xx_it.o
                0x000000000800072c                UART5_IRQHandler
 .text.HAL_MspInit
                0x000000000800074c       0x44 build/stm32f1xx_hal_msp.o
                0x000000000800074c                HAL_MspInit
 .text.UART_EndRxTransfer
                0x0000000008000790       0x1c build/stm32f1xx_hal_uart.o
 .text.UART_Transmit_IT
                0x00000000080007ac       0x6c build/stm32f1xx_hal_uart.o
 .text.UART_SetConfig
                0x0000000008000818       0xcc build/stm32f1xx_hal_uart.o
 .text.HAL_UART_Init
                0x00000000080008e4       0x64 build/stm32f1xx_hal_uart.o
                0x00000000080008e4                HAL_UART_Init
 .text.HAL_UART_Receive_IT
                0x0000000008000948       0x5c build/stm32f1xx_hal_uart.o
                0x0000000008000948                HAL_UART_Receive_IT
 .text.HAL_UART_TxCpltCallback
                0x00000000080009a4        0x4 build/stm32f1xx_hal_uart.o
                0x00000000080009a4                HAL_UART_TxCpltCallback
 .text.UART_EndTransmit_IT
                0x00000000080009a8       0x1c build/stm32f1xx_hal_uart.o
 .text.UART_Receive_IT
                0x00000000080009c4       0xa0 build/stm32f1xx_hal_uart.o
 .text.HAL_UART_IRQHandler
                0x0000000008000a64      0x11c build/stm32f1xx_hal_uart.o
                0x0000000008000a64                HAL_UART_IRQHandler
 .text.UART_DMAAbortOnError
                0x0000000008000b80       0x10 build/stm32f1xx_hal_uart.o
 .text.HAL_UART_AbortReceiveCpltCallback
                0x0000000008000b90        0x4 build/stm32f1xx_hal_uart.o
                0x0000000008000b90                HAL_UART_AbortReceiveCpltCallback
 .text.HAL_UART_AbortReceive_IT
                0x0000000008000b94       0x68 build/stm32f1xx_hal_uart.o
                0x0000000008000b94                HAL_UART_AbortReceive_IT
 .text.UART_DMARxOnlyAbortCallback
                0x0000000008000bfc       0x14 build/stm32f1xx_hal_uart.o
 .text.HAL_InitTick
                0x0000000008000c10       0x4c build/stm32f1xx_hal.o
                0x0000000008000c10                HAL_InitTick
 .text.HAL_Init
                0x0000000008000c5c       0x24 build/stm32f1xx_hal.o
                0x0000000008000c5c                HAL_Init
 .text.HAL_IncTick
                0x0000000008000c80       0x18 build/stm32f1xx_hal.o
                0x0000000008000c80                HAL_IncTick
 .text.HAL_GetTick
                0x0000000008000c98        0xc build/stm32f1xx_hal.o
                0x0000000008000c98                HAL_GetTick
 .text.RCC_Delay
                0x0000000008000ca4       0x2c build/stm32f1xx_hal_rcc.o
 .text.HAL_RCC_OscConfig
                0x0000000008000cd0      0x434 build/stm32f1xx_hal_rcc.o
                0x0000000008000cd0                HAL_RCC_OscConfig
 .text.HAL_RCC_GetSysClockFreq
                0x0000000008001104       0x70 build/stm32f1xx_hal_rcc.o
                0x0000000008001104                HAL_RCC_GetSysClockFreq
 .text.HAL_RCC_ClockConfig
                0x0000000008001174      0x170 build/stm32f1xx_hal_rcc.o
                0x0000000008001174                HAL_RCC_ClockConfig
 .text.HAL_RCC_GetHCLKFreq
                0x00000000080012e4        0xc build/stm32f1xx_hal_rcc.o
                0x00000000080012e4                HAL_RCC_GetHCLKFreq
 .text.HAL_RCC_GetPCLK1Freq
                0x00000000080012f0       0x20 build/stm32f1xx_hal_rcc.o
                0x00000000080012f0                HAL_RCC_GetPCLK1Freq
 .text.HAL_RCC_GetPCLK2Freq
                0x0000000008001310       0x20 build/stm32f1xx_hal_rcc.o
                0x0000000008001310                HAL_RCC_GetPCLK2Freq
 .text.HAL_GPIO_Init
                0x0000000008001330      0x1f0 build/stm32f1xx_hal_gpio.o
                0x0000000008001330                HAL_GPIO_Init
 .text.HAL_DMA_Abort_IT
                0x0000000008001520      0x168 build/stm32f1xx_hal_dma.o
                0x0000000008001520                HAL_DMA_Abort_IT
 .text.HAL_NVIC_SetPriorityGrouping
                0x0000000008001688       0x24 build/stm32f1xx_hal_cortex.o
                0x0000000008001688                HAL_NVIC_SetPriorityGrouping
 .text.HAL_NVIC_SetPriority
                0x00000000080016ac       0x64 build/stm32f1xx_hal_cortex.o
                0x00000000080016ac                HAL_NVIC_SetPriority
 .text.HAL_NVIC_EnableIRQ
                0x0000000008001710       0x1c build/stm32f1xx_hal_cortex.o
                0x0000000008001710                HAL_NVIC_EnableIRQ
 .text.HAL_SYSTICK_Config
                0x000000000800172c       0x2c build/stm32f1xx_hal_cortex.o
                0x000000000800172c                HAL_SYSTICK_Config
 .text.SystemInit
                0x0000000008001758       0x4c build/system_stm32f1xx.o
                0x0000000008001758                SystemInit
 .text.Reset_Handler
                0x00000000080017a4       0x48 build/startup_stm32f103xe.o
                0x00000000080017a4                Reset_Handler
 .text.Default_Handler
                0x00000000080017ec        0x2 build/startup_stm32f103xe.o
                0x00000000080017ec                DMA2_Channel3_IRQHandler
                0x00000000080017ec                EXTI2_IRQHandler
                0x00000000080017ec                TIM8_TRG_COM_IRQHandler
                0x00000000080017ec                TIM8_CC_IRQHandler
                0x00000000080017ec                TIM1_CC_IRQHandler
                0x00000000080017ec                TIM6_IRQHandler
                0x00000000080017ec                PVD_IRQHandler
                0x00000000080017ec                SDIO_IRQHandler
                0x00000000080017ec                EXTI3_IRQHandler
                0x00000000080017ec                EXTI0_IRQHandler
                0x00000000080017ec                I2C2_EV_IRQHandler
                0x00000000080017ec                ADC1_2_IRQHandler
                0x00000000080017ec                SPI1_IRQHandler
                0x00000000080017ec                TAMPER_IRQHandler
                0x00000000080017ec                TIM8_UP_IRQHandler
                0x00000000080017ec                DMA2_Channel2_IRQHandler
                0x00000000080017ec                DMA1_Channel4_IRQHandler
                0x00000000080017ec                RTC_IRQHandler
                0x00000000080017ec                DMA1_Channel7_IRQHandler
                0x00000000080017ec                CAN1_RX1_IRQHandler
                0x00000000080017ec                ADC3_IRQHandler
                0x00000000080017ec                TIM4_IRQHandler
                0x00000000080017ec                DMA2_Channel1_IRQHandler
                0x00000000080017ec                I2C1_EV_IRQHandler
                0x00000000080017ec                DMA1_Channel6_IRQHandler
                0x00000000080017ec                TIM3_IRQHandler
                0x00000000080017ec                RCC_IRQHandler
                0x00000000080017ec                TIM1_TRG_COM_IRQHandler
                0x00000000080017ec                DMA1_Channel1_IRQHandler
                0x00000000080017ec                Default_Handler
                0x00000000080017ec                EXTI15_10_IRQHandler
                0x00000000080017ec                TIM7_IRQHandler
                0x00000000080017ec                TIM5_IRQHandler
                0x00000000080017ec                EXTI9_5_IRQHandler
                0x00000000080017ec                SPI2_IRQHandler
                0x00000000080017ec                DMA1_Channel5_IRQHandler
                0x00000000080017ec                EXTI4_IRQHandler
                0x00000000080017ec                USB_LP_CAN1_RX0_IRQHandler
                0x00000000080017ec                USB_HP_CAN1_TX_IRQHandler
                0x00000000080017ec                DMA1_Channel3_IRQHandler
                0x00000000080017ec                FSMC_IRQHandler
                0x00000000080017ec                TIM1_UP_IRQHandler
                0x00000000080017ec                WWDG_IRQHandler
                0x00000000080017ec                TIM2_IRQHandler
                0x00000000080017ec                TIM1_BRK_IRQHandler
                0x00000000080017ec                EXTI1_IRQHandler
                0x00000000080017ec                DMA2_Channel4_5_IRQHandler
                0x00000000080017ec                I2C2_ER_IRQHandler
                0x00000000080017ec                DMA1_Channel2_IRQHandler
                0x00000000080017ec                TIM8_BRK_IRQHandler
                0x00000000080017ec                CAN1_SCE_IRQHandler
                0x00000000080017ec                FLASH_IRQHandler
                0x00000000080017ec                SPI3_IRQHandler
                0x00000000080017ec                I2C1_ER_IRQHandler
                0x00000000080017ec                USBWakeUp_IRQHandler
                0x00000000080017ec                RTC_Alarm_IRQHandler
 *fill*         0x00000000080017ee        0x2 
 .text.__libc_init_array
                0x00000000080017f0       0x4c /Users/leixiaoxiang/opt/gcc-arm-none-eabi/bin/../lib/gcc/arm-none-eabi/5.4.1/../../../../arm-none-eabi/lib/armv7-m/libc_nano.a(lib_a-init.o)
                0x00000000080017f0                __libc_init_array
 .text.memset   0x000000000800183c       0x10 /Users/leixiaoxiang/opt/gcc-arm-none-eabi/bin/../lib/gcc/arm-none-eabi/5.4.1/../../../../arm-none-eabi/lib/armv7-m/libc_nano.a(lib_a-memset.o)
                0x000000000800183c                memset
 *(.glue_7)
 .glue_7        0x000000000800184c        0x0 linker stubs
 *(.glue_7t)
 .glue_7t       0x000000000800184c        0x0 linker stubs
 *(.eh_frame)
 .eh_frame      0x000000000800184c        0x0 /Users/leixiaoxiang/opt/gcc-arm-none-eabi/bin/../lib/gcc/arm-none-eabi/5.4.1/armv7-m/crtbegin.o
 *(.init)
 .init          0x000000000800184c        0x4 /Users/leixiaoxiang/opt/gcc-arm-none-eabi/bin/../lib/gcc/arm-none-eabi/5.4.1/armv7-m/crti.o
                0x000000000800184c                _init
 .init          0x0000000008001850        0x8 /Users/leixiaoxiang/opt/gcc-arm-none-eabi/bin/../lib/gcc/arm-none-eabi/5.4.1/armv7-m/crtn.o
 *(.fini)
 .fini          0x0000000008001858        0x4 /Users/leixiaoxiang/opt/gcc-arm-none-eabi/bin/../lib/gcc/arm-none-eabi/5.4.1/armv7-m/crti.o
                0x0000000008001858                _fini
 .fini          0x000000000800185c        0x8 /Users/leixiaoxiang/opt/gcc-arm-none-eabi/bin/../lib/gcc/arm-none-eabi/5.4.1/armv7-m/crtn.o
                0x0000000008001864                . = ALIGN (0x4)
                0x0000000008001864                _etext = .

.vfp11_veneer   0x0000000008001864        0x0
 .vfp11_veneer  0x0000000008001864        0x0 linker stubs

.v4_bx          0x0000000008001864        0x0
 .v4_bx         0x0000000008001864        0x0 linker stubs

.iplt           0x0000000008001864        0x0
 .iplt          0x0000000008001864        0x0 /Users/leixiaoxiang/opt/gcc-arm-none-eabi/bin/../lib/gcc/arm-none-eabi/5.4.1/armv7-m/crtbegin.o

.rodata         0x0000000008001864       0x2c
                0x0000000008001864                . = ALIGN (0x4)
 *(.rodata)
 .rodata        0x0000000008001864       0x12 build/stm32f1xx_hal_rcc.o
 *(.rodata*)
 *fill*         0x0000000008001876        0x2 
 .rodata.AHBPrescTable
                0x0000000008001878       0x10 build/system_stm32f1xx.o
                0x0000000008001878                AHBPrescTable
 .rodata.APBPrescTable
                0x0000000008001888        0x8 build/system_stm32f1xx.o
                0x0000000008001888                APBPrescTable
                0x0000000008001890                . = ALIGN (0x4)

.rel.dyn        0x0000000008001890        0x0
 .rel.iplt      0x0000000008001890        0x0 /Users/leixiaoxiang/opt/gcc-arm-none-eabi/bin/../lib/gcc/arm-none-eabi/5.4.1/armv7-m/crtbegin.o

.ARM.extab
 *(.ARM.extab* .gnu.linkonce.armextab.*)

.ARM            0x0000000008001890        0x0
                0x0000000008001890                __exidx_start = .
 *(.ARM.exidx*)
                0x0000000008001890                __exidx_end = .

.preinit_array  0x0000000008001890        0x0
                0x0000000008001890                PROVIDE (__preinit_array_start, .)
 *(.preinit_array*)
                0x0000000008001890                PROVIDE (__preinit_array_end, .)

.init_array     0x0000000008001890        0x4
                0x0000000008001890                PROVIDE (__init_array_start, .)
 *(SORT(.init_array.*))
 *(.init_array*)
 .init_array    0x0000000008001890        0x4 /Users/leixiaoxiang/opt/gcc-arm-none-eabi/bin/../lib/gcc/arm-none-eabi/5.4.1/armv7-m/crtbegin.o
                0x0000000008001894                PROVIDE (__init_array_end, .)

.fini_array     0x0000000008001894        0x4
                [!provide]                        PROVIDE (__fini_array_start, .)
 *(SORT(.fini_array.*))
 *(.fini_array*)
 .fini_array    0x0000000008001894        0x4 /Users/leixiaoxiang/opt/gcc-arm-none-eabi/bin/../lib/gcc/arm-none-eabi/5.4.1/armv7-m/crtbegin.o
                [!provide]                        PROVIDE (__fini_array_end, .)
                0x0000000008001898                _sidata = LOADADDR (.data)

.data           0x0000000020000000      0x164 load address 0x0000000008001898
                0x0000000020000000                . = ALIGN (0x4)
                0x0000000020000000                _sdata = .
 *(.data)
 *(.data*)
 .data.huart1   0x0000000020000000       0x40 build/Control_usart.o
                0x0000000020000000                huart1
 .data.huart2   0x0000000020000040       0x40 build/Control_usart.o
                0x0000000020000040                huart2
 .data.huart3   0x0000000020000080       0x40 build/Control_usart.o
                0x0000000020000080                huart3
 .data.huart4   0x00000000200000c0       0x40 build/Control_usart.o
                0x00000000200000c0                huart4
 .data.huart5   0x0000000020000100       0x40 build/Control_usart.o
                0x0000000020000100                huart5
 .data.UART_Array
                0x0000000020000140       0x18 build/Control_usart.o
 .data.uwTickPrio
                0x0000000020000158        0x4 build/stm32f1xx_hal.o
                0x0000000020000158                uwTickPrio
 .data.uwTickFreq
                0x000000002000015c        0x1 build/stm32f1xx_hal.o
                0x000000002000015c                uwTickFreq
 *fill*         0x000000002000015d        0x3 
 .data.SystemCoreClock
                0x0000000020000160        0x4 build/system_stm32f1xx.o
                0x0000000020000160                SystemCoreClock
                0x0000000020000164                . = ALIGN (0x4)
                0x0000000020000164                _edata = .

.jcr            0x0000000020000164        0x0 load address 0x00000000080019fc
 .jcr           0x0000000020000164        0x0 /Users/leixiaoxiang/opt/gcc-arm-none-eabi/bin/../lib/gcc/arm-none-eabi/5.4.1/armv7-m/crtbegin.o

.igot.plt       0x0000000020000164        0x0 load address 0x00000000080019fc
 .igot.plt      0x0000000020000164        0x0 /Users/leixiaoxiang/opt/gcc-arm-none-eabi/bin/../lib/gcc/arm-none-eabi/5.4.1/armv7-m/crtbegin.o
                0x0000000020000164                . = ALIGN (0x4)

.bss            0x0000000020000164     0x13a8 load address 0x00000000080019fc
                0x0000000020000164                _sbss = .
                0x0000000020000164                __bss_start__ = _sbss
 *(.bss)
 .bss           0x0000000020000164       0x1c /Users/leixiaoxiang/opt/gcc-arm-none-eabi/bin/../lib/gcc/arm-none-eabi/5.4.1/armv7-m/crtbegin.o
 *(.bss*)
 *(COMMON)
 COMMON         0x0000000020000180     0x1388 build/Control_usart.o
                0x0000000020000180                UART3_RxBuff
                0x0000000020000568                UART5_RxBuff
                0x0000000020000950                UART4_RxBuff
                0x0000000020000d38                UART1_RxBuff
                0x0000000020001120                UART2_RxBuff
 COMMON         0x0000000020001508        0x4 build/stm32f1xx_hal.o
                0x0000000020001508                uwTick
                0x000000002000150c                . = ALIGN (0x4)
                0x000000002000150c                _ebss = .
                0x000000002000150c                __bss_end__ = _ebss

._user_heap_stack
                0x000000002000150c      0x604 load address 0x00000000080019fc
                0x0000000020001510                . = ALIGN (0x8)
 *fill*         0x000000002000150c        0x4 
                [!provide]                        PROVIDE (end, .)
                [!provide]                        PROVIDE (_end, .)
                0x0000000020001710                . = (. + _Min_Heap_Size)
 *fill*         0x0000000020001510      0x200 
                0x0000000020001b10                . = (. + _Min_Stack_Size)
 *fill*         0x0000000020001710      0x400 
                0x0000000020001b10                . = ALIGN (0x8)

/DISCARD/
 libc.a(*)
 libm.a(*)
 libgcc.a(*)

.ARM.attributes
                0x0000000000000000       0x29
 *(.ARM.attributes)
 .ARM.attributes
                0x0000000000000000       0x1d /Users/leixiaoxiang/opt/gcc-arm-none-eabi/bin/../lib/gcc/arm-none-eabi/5.4.1/armv7-m/crti.o
 .ARM.attributes
                0x000000000000001d       0x2d /Users/leixiaoxiang/opt/gcc-arm-none-eabi/bin/../lib/gcc/arm-none-eabi/5.4.1/armv7-m/crtbegin.o
 .ARM.attributes
                0x000000000000004a       0x33 build/main.o
 .ARM.attributes
                0x000000000000007d       0x33 build/gpio.o
 .ARM.attributes
                0x00000000000000b0       0x33 build/usart.o
 .ARM.attributes
                0x00000000000000e3       0x33 build/Control_usart.o
 .ARM.attributes
                0x0000000000000116       0x33 build/stm32f1xx_it.o
 .ARM.attributes
                0x0000000000000149       0x33 build/stm32f1xx_hal_msp.o
 .ARM.attributes
                0x000000000000017c       0x33 build/stm32f1xx_hal_uart.o
 .ARM.attributes
                0x00000000000001af       0x33 build/stm32f1xx_hal.o
 .ARM.attributes
                0x00000000000001e2       0x33 build/stm32f1xx_hal_rcc.o
 .ARM.attributes
                0x0000000000000215       0x33 build/stm32f1xx_hal_gpio.o
 .ARM.attributes
                0x0000000000000248       0x33 build/stm32f1xx_hal_dma.o
 .ARM.attributes
                0x000000000000027b       0x33 build/stm32f1xx_hal_cortex.o
 .ARM.attributes
                0x00000000000002ae       0x33 build/system_stm32f1xx.o
 .ARM.attributes
                0x00000000000002e1       0x21 build/startup_stm32f103xe.o
 .ARM.attributes
                0x0000000000000302       0x2d /Users/leixiaoxiang/opt/gcc-arm-none-eabi/bin/../lib/gcc/arm-none-eabi/5.4.1/../../../../arm-none-eabi/lib/armv7-m/libc_nano.a(lib_a-init.o)
 .ARM.attributes
                0x000000000000032f       0x2d /Users/leixiaoxiang/opt/gcc-arm-none-eabi/bin/../lib/gcc/arm-none-eabi/5.4.1/../../../../arm-none-eabi/lib/armv7-m/libc_nano.a(lib_a-memset.o)
 .ARM.attributes
                0x000000000000035c       0x1d /Users/leixiaoxiang/opt/gcc-arm-none-eabi/bin/../lib/gcc/arm-none-eabi/5.4.1/armv7-m/crtn.o
OUTPUT(build/Make_pro.elf elf32-littlearm)

.debug_info     0x0000000000000000     0x717d
 .debug_info    0x0000000000000000      0x32a build/main.o
 .debug_info    0x000000000000032a      0x1f4 build/gpio.o
 .debug_info    0x000000000000051e      0xd79 build/usart.o
 .debug_info    0x0000000000001297      0xa87 build/Control_usart.o
 .debug_info    0x0000000000001d1e      0x795 build/stm32f1xx_it.o
 .debug_info    0x00000000000024b3      0x24d build/stm32f1xx_hal_msp.o
 .debug_info    0x0000000000002700     0x1770 build/stm32f1xx_hal_uart.o
 .debug_info    0x0000000000003e70      0x852 build/stm32f1xx_hal.o
 .debug_info    0x00000000000046c2      0xa65 build/stm32f1xx_hal_rcc.o
 .debug_info    0x0000000000005127      0x64c build/stm32f1xx_hal_gpio.o
 .debug_info    0x0000000000005773      0x82d build/stm32f1xx_hal_dma.o
 .debug_info    0x0000000000005fa0      0xd3f build/stm32f1xx_hal_cortex.o
 .debug_info    0x0000000000006cdf      0x42c build/system_stm32f1xx.o
 .debug_info    0x000000000000710b       0x72 build/startup_stm32f103xe.o

.debug_abbrev   0x0000000000000000     0x17e8
 .debug_abbrev  0x0000000000000000      0x162 build/main.o
 .debug_abbrev  0x0000000000000162       0xc6 build/gpio.o
 .debug_abbrev  0x0000000000000228      0x1c7 build/usart.o
 .debug_abbrev  0x00000000000003ef      0x23d build/Control_usart.o
 .debug_abbrev  0x000000000000062c      0x1c0 build/stm32f1xx_it.o
 .debug_abbrev  0x00000000000007ec       0xd8 build/stm32f1xx_hal_msp.o
 .debug_abbrev  0x00000000000008c4      0x281 build/stm32f1xx_hal_uart.o
 .debug_abbrev  0x0000000000000b45      0x1dd build/stm32f1xx_hal.o
 .debug_abbrev  0x0000000000000d22      0x270 build/stm32f1xx_hal_rcc.o
 .debug_abbrev  0x0000000000000f92      0x1f9 build/stm32f1xx_hal_gpio.o
 .debug_abbrev  0x000000000000118b      0x239 build/stm32f1xx_hal_dma.o
 .debug_abbrev  0x00000000000013c4      0x2ee build/stm32f1xx_hal_cortex.o
 .debug_abbrev  0x00000000000016b2      0x124 build/system_stm32f1xx.o
 .debug_abbrev  0x00000000000017d6       0x12 build/startup_stm32f103xe.o

.debug_loc      0x0000000000000000     0x37f5
 .debug_loc     0x0000000000000000       0x59 build/main.o
 .debug_loc     0x0000000000000059       0x2c build/gpio.o
 .debug_loc     0x0000000000000085      0x163 build/usart.o
 .debug_loc     0x00000000000001e8      0x2ed build/Control_usart.o
 .debug_loc     0x00000000000004d5       0xc0 build/stm32f1xx_it.o
 .debug_loc     0x0000000000000595       0x2c build/stm32f1xx_hal_msp.o
 .debug_loc     0x00000000000005c1     0x17db build/stm32f1xx_hal_uart.o
 .debug_loc     0x0000000000001d9c      0x1b1 build/stm32f1xx_hal.o
 .debug_loc     0x0000000000001f4d      0x6f2 build/stm32f1xx_hal_rcc.o
 .debug_loc     0x000000000000263f      0x37a build/stm32f1xx_hal_gpio.o
 .debug_loc     0x00000000000029b9      0x7be build/stm32f1xx_hal_dma.o
 .debug_loc     0x0000000000003177      0x59f build/stm32f1xx_hal_cortex.o
 .debug_loc     0x0000000000003716       0xdf build/system_stm32f1xx.o

.debug_aranges  0x0000000000000000      0x670
 .debug_aranges
                0x0000000000000000       0x30 build/main.o
 .debug_aranges
                0x0000000000000030       0x20 build/gpio.o
 .debug_aranges
                0x0000000000000050       0x28 build/usart.o
 .debug_aranges
                0x0000000000000078       0x58 build/Control_usart.o
 .debug_aranges
                0x00000000000000d0       0x88 build/stm32f1xx_it.o
 .debug_aranges
                0x0000000000000158       0x20 build/stm32f1xx_hal_msp.o
 .debug_aranges
                0x0000000000000178      0x1d0 build/stm32f1xx_hal_uart.o
 .debug_aranges
                0x0000000000000348       0xe0 build/stm32f1xx_hal.o
 .debug_aranges
                0x0000000000000428       0x90 build/stm32f1xx_hal_rcc.o
 .debug_aranges
                0x00000000000004b8       0x58 build/stm32f1xx_hal_gpio.o
 .debug_aranges
                0x0000000000000510       0x80 build/stm32f1xx_hal_dma.o
 .debug_aranges
                0x0000000000000590       0x90 build/stm32f1xx_hal_cortex.o
 .debug_aranges
                0x0000000000000620       0x28 build/system_stm32f1xx.o
 .debug_aranges
                0x0000000000000648       0x28 build/startup_stm32f103xe.o

.debug_ranges   0x0000000000000000      0x5b0
 .debug_ranges  0x0000000000000000       0x20 build/main.o
 .debug_ranges  0x0000000000000020       0x10 build/gpio.o
 .debug_ranges  0x0000000000000030       0x18 build/usart.o
 .debug_ranges  0x0000000000000048       0x48 build/Control_usart.o
 .debug_ranges  0x0000000000000090       0x78 build/stm32f1xx_it.o
 .debug_ranges  0x0000000000000108       0x10 build/stm32f1xx_hal_msp.o
 .debug_ranges  0x0000000000000118      0x1c0 build/stm32f1xx_hal_uart.o
 .debug_ranges  0x00000000000002d8       0xd0 build/stm32f1xx_hal.o
 .debug_ranges  0x00000000000003a8       0x98 build/stm32f1xx_hal_rcc.o
 .debug_ranges  0x0000000000000440       0x48 build/stm32f1xx_hal_gpio.o
 .debug_ranges  0x0000000000000488       0x70 build/stm32f1xx_hal_dma.o
 .debug_ranges  0x00000000000004f8       0x80 build/stm32f1xx_hal_cortex.o
 .debug_ranges  0x0000000000000578       0x18 build/system_stm32f1xx.o
 .debug_ranges  0x0000000000000590       0x20 build/startup_stm32f103xe.o

.debug_line     0x0000000000000000     0x2f72
 .debug_line    0x0000000000000000      0x1dd build/main.o
 .debug_line    0x00000000000001dd      0x14b build/gpio.o
 .debug_line    0x0000000000000328      0x24a build/usart.o
 .debug_line    0x0000000000000572      0x292 build/Control_usart.o
 .debug_line    0x0000000000000804      0x2ca build/stm32f1xx_it.o
 .debug_line    0x0000000000000ace      0x158 build/stm32f1xx_hal_msp.o
 .debug_line    0x0000000000000c26      0xaa8 build/stm32f1xx_hal_uart.o
 .debug_line    0x00000000000016ce      0x3ab build/stm32f1xx_hal.o
 .debug_line    0x0000000000001a79      0x511 build/stm32f1xx_hal_rcc.o
 .debug_line    0x0000000000001f8a      0x338 build/stm32f1xx_hal_gpio.o
 .debug_line    0x00000000000022c2      0x78a build/stm32f1xx_hal_dma.o
 .debug_line    0x0000000000002a4c      0x320 build/stm32f1xx_hal_cortex.o
 .debug_line    0x0000000000002d6c      0x194 build/system_stm32f1xx.o
 .debug_line    0x0000000000002f00       0x72 build/startup_stm32f103xe.o

.debug_str      0x0000000000000000     0x1f2f
 .debug_str     0x0000000000000000      0x313 build/main.o
                                        0x358 (size before relaxing)
 .debug_str     0x0000000000000313       0x51 build/gpio.o
                                        0x1f8 (size before relaxing)
 .debug_str     0x0000000000000364      0x7ef build/usart.o
                                        0xa1e (size before relaxing)
 .debug_str     0x0000000000000b53      0x16f build/Control_usart.o
                                        0x721 (size before relaxing)
 .debug_str     0x0000000000000cc2      0x11b build/stm32f1xx_it.o
                                        0x69c (size before relaxing)
 .debug_str     0x0000000000000ddd       0x52 build/stm32f1xx_hal_msp.o
                                        0x232 (size before relaxing)
 .debug_str     0x0000000000000e2f      0x52c build/stm32f1xx_hal_uart.o
                                        0xba3 (size before relaxing)
 .debug_str     0x000000000000135b      0x2e6 build/stm32f1xx_hal.o
                                        0x913 (size before relaxing)
 .debug_str     0x0000000000001641      0x1d8 build/stm32f1xx_hal_rcc.o
                                        0x643 (size before relaxing)
 .debug_str     0x0000000000001819      0x145 build/stm32f1xx_hal_gpio.o
                                        0x418 (size before relaxing)
 .debug_str     0x000000000000195e      0x1f6 build/stm32f1xx_hal_dma.o
                                        0x615 (size before relaxing)
 .debug_str     0x0000000000001b54      0x391 build/stm32f1xx_hal_cortex.o
                                        0x9bd (size before relaxing)
 .debug_str     0x0000000000001ee5       0x4a build/system_stm32f1xx.o
                                        0x2c5 (size before relaxing)

.comment        0x0000000000000000       0x6e
 .comment       0x0000000000000000       0x6e build/main.o
                                         0x6f (size before relaxing)
 .comment       0x000000000000006e       0x6f build/gpio.o
 .comment       0x000000000000006e       0x6f build/usart.o
 .comment       0x000000000000006e       0x6f build/Control_usart.o
 .comment       0x000000000000006e       0x6f build/stm32f1xx_it.o
 .comment       0x000000000000006e       0x6f build/stm32f1xx_hal_msp.o
 .comment       0x000000000000006e       0x6f build/stm32f1xx_hal_uart.o
 .comment       0x000000000000006e       0x6f build/stm32f1xx_hal.o
 .comment       0x000000000000006e       0x6f build/stm32f1xx_hal_rcc.o
 .comment       0x000000000000006e       0x6f build/stm32f1xx_hal_gpio.o
 .comment       0x000000000000006e       0x6f build/stm32f1xx_hal_dma.o
 .comment       0x000000000000006e       0x6f build/stm32f1xx_hal_cortex.o
 .comment       0x000000000000006e       0x6f build/system_stm32f1xx.o

.debug_frame    0x0000000000000000     0x102c
 .debug_frame   0x0000000000000000       0x60 build/main.o
 .debug_frame   0x0000000000000060       0x28 build/gpio.o
 .debug_frame   0x0000000000000088       0x50 build/usart.o
 .debug_frame   0x00000000000000d8       0xf0 build/Control_usart.o
 .debug_frame   0x00000000000001c8      0x138 build/stm32f1xx_it.o
 .debug_frame   0x0000000000000300       0x28 build/stm32f1xx_hal_msp.o
 .debug_frame   0x0000000000000328      0x564 build/stm32f1xx_hal_uart.o
 .debug_frame   0x000000000000088c      0x1f0 build/stm32f1xx_hal.o
 .debug_frame   0x0000000000000a7c      0x1c8 build/stm32f1xx_hal_rcc.o
 .debug_frame   0x0000000000000c44       0xd4 build/stm32f1xx_hal_gpio.o
 .debug_frame   0x0000000000000d18      0x164 build/stm32f1xx_hal_dma.o
 .debug_frame   0x0000000000000e7c      0x134 build/stm32f1xx_hal_cortex.o
 .debug_frame   0x0000000000000fb0       0x30 build/system_stm32f1xx.o
 .debug_frame   0x0000000000000fe0       0x2c /Users/leixiaoxiang/opt/gcc-arm-none-eabi/bin/../lib/gcc/arm-none-eabi/5.4.1/../../../../arm-none-eabi/lib/armv7-m/libc_nano.a(lib_a-init.o)
 .debug_frame   0x000000000000100c       0x20 /Users/leixiaoxiang/opt/gcc-arm-none-eabi/bin/../lib/gcc/arm-none-eabi/5.4.1/../../../../arm-none-eabi/lib/armv7-m/libc_nano.a(lib_a-memset.o)

Cross Reference Table

Symbol                                            File
ADC1_2_IRQHandler                                 build/startup_stm32f103xe.o
ADC3_IRQHandler                                   build/startup_stm32f103xe.o
AHBPrescTable                                     build/system_stm32f1xx.o
                                                  build/stm32f1xx_hal_rcc.o
APBPrescTable                                     build/system_stm32f1xx.o
                                                  build/stm32f1xx_hal_rcc.o
BusFault_Handler                                  build/stm32f1xx_it.o
CAN1_RX1_IRQHandler                               build/startup_stm32f103xe.o
CAN1_SCE_IRQHandler                               build/startup_stm32f103xe.o
DMA1_Channel1_IRQHandler                          build/startup_stm32f103xe.o
DMA1_Channel2_IRQHandler                          build/startup_stm32f103xe.o
DMA1_Channel3_IRQHandler                          build/startup_stm32f103xe.o
DMA1_Channel4_IRQHandler                          build/startup_stm32f103xe.o
DMA1_Channel5_IRQHandler                          build/startup_stm32f103xe.o
DMA1_Channel6_IRQHandler                          build/startup_stm32f103xe.o
DMA1_Channel7_IRQHandler                          build/startup_stm32f103xe.o
DMA2_Channel1_IRQHandler                          build/startup_stm32f103xe.o
DMA2_Channel2_IRQHandler                          build/startup_stm32f103xe.o
DMA2_Channel3_IRQHandler                          build/startup_stm32f103xe.o
DMA2_Channel4_5_IRQHandler                        build/startup_stm32f103xe.o
DebugMon_Handler                                  build/stm32f1xx_it.o
Default_Handler                                   build/startup_stm32f103xe.o
EXTI0_IRQHandler                                  build/startup_stm32f103xe.o
EXTI15_10_IRQHandler                              build/startup_stm32f103xe.o
EXTI1_IRQHandler                                  build/startup_stm32f103xe.o
EXTI2_IRQHandler                                  build/startup_stm32f103xe.o
EXTI3_IRQHandler                                  build/startup_stm32f103xe.o
EXTI4_IRQHandler                                  build/startup_stm32f103xe.o
EXTI9_5_IRQHandler                                build/startup_stm32f103xe.o
Error_Handler                                     build/main.o
                                                  build/Control_usart.o
FLASH_IRQHandler                                  build/startup_stm32f103xe.o
FLASH_PageErase                                   build/stm32f1xx_hal_flash_ex.o
                                                  build/stm32f1xx_hal_flash.o
FLASH_WaitForLastOperation                        build/stm32f1xx_hal_flash.o
                                                  build/stm32f1xx_hal_flash_ex.o
FSMC_IRQHandler                                   build/startup_stm32f103xe.o
GetRxData                                         build/Control_usart.o
HAL_DBGMCU_DisableDBGSleepMode                    build/stm32f1xx_hal.o
HAL_DBGMCU_DisableDBGStandbyMode                  build/stm32f1xx_hal.o
HAL_DBGMCU_DisableDBGStopMode                     build/stm32f1xx_hal.o
HAL_DBGMCU_EnableDBGSleepMode                     build/stm32f1xx_hal.o
HAL_DBGMCU_EnableDBGStandbyMode                   build/stm32f1xx_hal.o
HAL_DBGMCU_EnableDBGStopMode                      build/stm32f1xx_hal.o
HAL_DMA_Abort                                     build/stm32f1xx_hal_dma.o
                                                  build/stm32f1xx_hal_uart.o
HAL_DMA_Abort_IT                                  build/stm32f1xx_hal_dma.o
                                                  build/stm32f1xx_hal_uart.o
HAL_DMA_DeInit                                    build/stm32f1xx_hal_dma.o
HAL_DMA_GetError                                  build/stm32f1xx_hal_dma.o
                                                  build/stm32f1xx_hal_uart.o
HAL_DMA_GetState                                  build/stm32f1xx_hal_dma.o
HAL_DMA_IRQHandler                                build/stm32f1xx_hal_dma.o
HAL_DMA_Init                                      build/stm32f1xx_hal_dma.o
HAL_DMA_PollForTransfer                           build/stm32f1xx_hal_dma.o
HAL_DMA_RegisterCallback                          build/stm32f1xx_hal_dma.o
HAL_DMA_Start                                     build/stm32f1xx_hal_dma.o
HAL_DMA_Start_IT                                  build/stm32f1xx_hal_dma.o
                                                  build/stm32f1xx_hal_uart.o
HAL_DMA_UnRegisterCallback                        build/stm32f1xx_hal_dma.o
HAL_DeInit                                        build/stm32f1xx_hal.o
HAL_Delay                                         build/stm32f1xx_hal.o
HAL_EXTI_ClearConfigLine                          build/stm32f1xx_hal_exti.o
HAL_EXTI_ClearPending                             build/stm32f1xx_hal_exti.o
HAL_EXTI_GenerateSWI                              build/stm32f1xx_hal_exti.o
HAL_EXTI_GetConfigLine                            build/stm32f1xx_hal_exti.o
HAL_EXTI_GetHandle                                build/stm32f1xx_hal_exti.o
HAL_EXTI_GetPending                               build/stm32f1xx_hal_exti.o
HAL_EXTI_IRQHandler                               build/stm32f1xx_hal_exti.o
HAL_EXTI_RegisterCallback                         build/stm32f1xx_hal_exti.o
HAL_EXTI_SetConfigLine                            build/stm32f1xx_hal_exti.o
HAL_FLASHEx_Erase                                 build/stm32f1xx_hal_flash_ex.o
HAL_FLASHEx_Erase_IT                              build/stm32f1xx_hal_flash_ex.o
HAL_FLASHEx_OBErase                               build/stm32f1xx_hal_flash_ex.o
HAL_FLASHEx_OBGetConfig                           build/stm32f1xx_hal_flash_ex.o
HAL_FLASHEx_OBGetUserData                         build/stm32f1xx_hal_flash_ex.o
HAL_FLASHEx_OBProgram                             build/stm32f1xx_hal_flash_ex.o
HAL_FLASH_EndOfOperationCallback                  build/stm32f1xx_hal_flash.o
HAL_FLASH_GetError                                build/stm32f1xx_hal_flash.o
HAL_FLASH_IRQHandler                              build/stm32f1xx_hal_flash.o
HAL_FLASH_Lock                                    build/stm32f1xx_hal_flash.o
HAL_FLASH_OB_Launch                               build/stm32f1xx_hal_flash.o
HAL_FLASH_OB_Lock                                 build/stm32f1xx_hal_flash.o
HAL_FLASH_OB_Unlock                               build/stm32f1xx_hal_flash.o
HAL_FLASH_OperationErrorCallback                  build/stm32f1xx_hal_flash.o
HAL_FLASH_Program                                 build/stm32f1xx_hal_flash.o
HAL_FLASH_Program_IT                              build/stm32f1xx_hal_flash.o
HAL_FLASH_Unlock                                  build/stm32f1xx_hal_flash.o
HAL_GPIOEx_ConfigEventout                         build/stm32f1xx_hal_gpio_ex.o
HAL_GPIOEx_DisableEventout                        build/stm32f1xx_hal_gpio_ex.o
HAL_GPIOEx_EnableEventout                         build/stm32f1xx_hal_gpio_ex.o
HAL_GPIO_DeInit                                   build/stm32f1xx_hal_gpio.o
                                                  build/usart.o
HAL_GPIO_EXTI_Callback                            build/stm32f1xx_hal_gpio.o
HAL_GPIO_EXTI_IRQHandler                          build/stm32f1xx_hal_gpio.o
HAL_GPIO_Init                                     build/stm32f1xx_hal_gpio.o
                                                  build/stm32f1xx_hal_rcc.o
                                                  build/usart.o
HAL_GPIO_LockPin                                  build/stm32f1xx_hal_gpio.o
HAL_GPIO_ReadPin                                  build/stm32f1xx_hal_gpio.o
HAL_GPIO_TogglePin                                build/stm32f1xx_hal_gpio.o
HAL_GPIO_WritePin                                 build/stm32f1xx_hal_gpio.o
HAL_GetDEVID                                      build/stm32f1xx_hal.o
HAL_GetHalVersion                                 build/stm32f1xx_hal.o
HAL_GetREVID                                      build/stm32f1xx_hal.o
HAL_GetTick                                       build/stm32f1xx_hal.o
                                                  build/stm32f1xx_hal_flash.o
                                                  build/stm32f1xx_hal_dma.o
                                                  build/stm32f1xx_hal_rcc_ex.o
                                                  build/stm32f1xx_hal_rcc.o
                                                  build/stm32f1xx_hal_uart.o
HAL_GetTickFreq                                   build/stm32f1xx_hal.o
HAL_GetTickPrio                                   build/stm32f1xx_hal.o
HAL_GetUIDw0                                      build/stm32f1xx_hal.o
HAL_GetUIDw1                                      build/stm32f1xx_hal.o
HAL_GetUIDw2                                      build/stm32f1xx_hal.o
HAL_HalfDuplex_EnableReceiver                     build/stm32f1xx_hal_uart.o
HAL_HalfDuplex_EnableTransmitter                  build/stm32f1xx_hal_uart.o
HAL_HalfDuplex_Init                               build/stm32f1xx_hal_uart.o
HAL_IncTick                                       build/stm32f1xx_hal.o
                                                  build/stm32f1xx_it.o
HAL_Init                                          build/stm32f1xx_hal.o
                                                  build/main.o
HAL_InitTick                                      build/stm32f1xx_hal.o
                                                  build/stm32f1xx_hal_rcc.o
HAL_LIN_Init                                      build/stm32f1xx_hal_uart.o
HAL_LIN_SendBreak                                 build/stm32f1xx_hal_uart.o
HAL_MspDeInit                                     build/stm32f1xx_hal.o
HAL_MspInit                                       build/stm32f1xx_hal_msp.o
HAL_MultiProcessor_EnterMuteMode                  build/stm32f1xx_hal_uart.o
HAL_MultiProcessor_ExitMuteMode                   build/stm32f1xx_hal_uart.o
HAL_MultiProcessor_Init                           build/stm32f1xx_hal_uart.o
HAL_NVIC_ClearPendingIRQ                          build/stm32f1xx_hal_cortex.o
HAL_NVIC_DisableIRQ                               build/stm32f1xx_hal_cortex.o
                                                  build/usart.o
HAL_NVIC_EnableIRQ                                build/stm32f1xx_hal_cortex.o
                                                  build/usart.o
HAL_NVIC_GetActive                                build/stm32f1xx_hal_cortex.o
HAL_NVIC_GetPendingIRQ                            build/stm32f1xx_hal_cortex.o
HAL_NVIC_GetPriority                              build/stm32f1xx_hal_cortex.o
HAL_NVIC_GetPriorityGrouping                      build/stm32f1xx_hal_cortex.o
HAL_NVIC_SetPendingIRQ                            build/stm32f1xx_hal_cortex.o
HAL_NVIC_SetPriority                              build/stm32f1xx_hal_cortex.o
                                                  build/stm32f1xx_hal.o
                                                  build/usart.o
HAL_NVIC_SetPriorityGrouping                      build/stm32f1xx_hal_cortex.o
                                                  build/stm32f1xx_hal.o
HAL_NVIC_SystemReset                              build/stm32f1xx_hal_cortex.o
                                                  build/stm32f1xx_hal_flash.o
HAL_PWR_ConfigPVD                                 build/stm32f1xx_hal_pwr.o
HAL_PWR_DeInit                                    build/stm32f1xx_hal_pwr.o
HAL_PWR_DisableBkUpAccess                         build/stm32f1xx_hal_pwr.o
HAL_PWR_DisablePVD                                build/stm32f1xx_hal_pwr.o
HAL_PWR_DisableSEVOnPend                          build/stm32f1xx_hal_pwr.o
HAL_PWR_DisableSleepOnExit                        build/stm32f1xx_hal_pwr.o
HAL_PWR_DisableWakeUpPin                          build/stm32f1xx_hal_pwr.o
HAL_PWR_EnableBkUpAccess                          build/stm32f1xx_hal_pwr.o
HAL_PWR_EnablePVD                                 build/stm32f1xx_hal_pwr.o
HAL_PWR_EnableSEVOnPend                           build/stm32f1xx_hal_pwr.o
HAL_PWR_EnableSleepOnExit                         build/stm32f1xx_hal_pwr.o
HAL_PWR_EnableWakeUpPin                           build/stm32f1xx_hal_pwr.o
HAL_PWR_EnterSLEEPMode                            build/stm32f1xx_hal_pwr.o
HAL_PWR_EnterSTANDBYMode                          build/stm32f1xx_hal_pwr.o
HAL_PWR_EnterSTOPMode                             build/stm32f1xx_hal_pwr.o
HAL_PWR_PVDCallback                               build/stm32f1xx_hal_pwr.o
HAL_PWR_PVD_IRQHandler                            build/stm32f1xx_hal_pwr.o
HAL_RCCEx_GetPeriphCLKConfig                      build/stm32f1xx_hal_rcc_ex.o
HAL_RCCEx_GetPeriphCLKFreq                        build/stm32f1xx_hal_rcc_ex.o
HAL_RCCEx_PeriphCLKConfig                         build/stm32f1xx_hal_rcc_ex.o
HAL_RCC_CSSCallback                               build/stm32f1xx_hal_rcc.o
HAL_RCC_ClockConfig                               build/stm32f1xx_hal_rcc.o
                                                  build/main.o
HAL_RCC_DeInit                                    build/stm32f1xx_hal_rcc.o
HAL_RCC_DisableCSS                                build/stm32f1xx_hal_rcc.o
HAL_RCC_EnableCSS                                 build/stm32f1xx_hal_rcc.o
HAL_RCC_GetClockConfig                            build/stm32f1xx_hal_rcc.o
HAL_RCC_GetHCLKFreq                               build/stm32f1xx_hal_rcc.o
HAL_RCC_GetOscConfig                              build/stm32f1xx_hal_rcc.o
HAL_RCC_GetPCLK1Freq                              build/stm32f1xx_hal_rcc.o
                                                  build/stm32f1xx_hal_uart.o
HAL_RCC_GetPCLK2Freq                              build/stm32f1xx_hal_rcc.o
                                                  build/stm32f1xx_hal_rcc_ex.o
                                                  build/stm32f1xx_hal_uart.o
HAL_RCC_GetSysClockFreq                           build/stm32f1xx_hal_rcc.o
                                                  build/stm32f1xx_hal_rcc_ex.o
HAL_RCC_MCOConfig                                 build/stm32f1xx_hal_rcc.o
HAL_RCC_NMI_IRQHandler                            build/stm32f1xx_hal_rcc.o
HAL_RCC_OscConfig                                 build/stm32f1xx_hal_rcc.o
                                                  build/main.o
HAL_ResumeTick                                    build/stm32f1xx_hal.o
HAL_SYSTICK_CLKSourceConfig                       build/stm32f1xx_hal_cortex.o
HAL_SYSTICK_Callback                              build/stm32f1xx_hal_cortex.o
HAL_SYSTICK_Config                                build/stm32f1xx_hal_cortex.o
                                                  build/stm32f1xx_hal.o
HAL_SYSTICK_IRQHandler                            build/stm32f1xx_hal_cortex.o
HAL_SetTickFreq                                   build/stm32f1xx_hal.o
HAL_SuspendTick                                   build/stm32f1xx_hal.o
HAL_UART_Abort                                    build/stm32f1xx_hal_uart.o
HAL_UART_AbortCpltCallback                        build/stm32f1xx_hal_uart.o
HAL_UART_AbortReceive                             build/stm32f1xx_hal_uart.o
HAL_UART_AbortReceiveCpltCallback                 build/stm32f1xx_hal_uart.o
HAL_UART_AbortReceive_IT                          build/stm32f1xx_hal_uart.o
                                                  build/Control_usart.o
HAL_UART_AbortTransmit                            build/stm32f1xx_hal_uart.o
HAL_UART_AbortTransmitCpltCallback                build/stm32f1xx_hal_uart.o
HAL_UART_AbortTransmit_IT                         build/stm32f1xx_hal_uart.o
HAL_UART_Abort_IT                                 build/stm32f1xx_hal_uart.o
HAL_UART_DMAPause                                 build/stm32f1xx_hal_uart.o
HAL_UART_DMAResume                                build/stm32f1xx_hal_uart.o
HAL_UART_DMAStop                                  build/stm32f1xx_hal_uart.o
HAL_UART_DeInit                                   build/stm32f1xx_hal_uart.o
HAL_UART_ErrorCallback                            build/Control_usart.o
HAL_UART_GetError                                 build/stm32f1xx_hal_uart.o
HAL_UART_GetState                                 build/stm32f1xx_hal_uart.o
HAL_UART_IRQHandler                               build/stm32f1xx_hal_uart.o
                                                  build/stm32f1xx_it.o
HAL_UART_Init                                     build/stm32f1xx_hal_uart.o
                                                  build/Control_usart.o
HAL_UART_MspDeInit                                build/usart.o
HAL_UART_MspInit                                  build/usart.o
HAL_UART_Receive                                  build/stm32f1xx_hal_uart.o
HAL_UART_Receive_DMA                              build/stm32f1xx_hal_uart.o
HAL_UART_Receive_IT                               build/stm32f1xx_hal_uart.o
                                                  build/Control_usart.o
HAL_UART_RxCpltCallback                           build/Control_usart.o
HAL_UART_RxHalfCpltCallback                       build/stm32f1xx_hal_uart.o
HAL_UART_Transmit                                 build/stm32f1xx_hal_uart.o
                                                  build/Control_usart.o
HAL_UART_Transmit_DMA                             build/stm32f1xx_hal_uart.o
HAL_UART_Transmit_IT                              build/stm32f1xx_hal_uart.o
HAL_UART_TxCpltCallback                           build/stm32f1xx_hal_uart.o
HAL_UART_TxHalfCpltCallback                       build/stm32f1xx_hal_uart.o
HardFault_Handler                                 build/stm32f1xx_it.o
I2C1_ER_IRQHandler                                build/startup_stm32f103xe.o
I2C1_EV_IRQHandler                                build/startup_stm32f103xe.o
I2C2_ER_IRQHandler                                build/startup_stm32f103xe.o
I2C2_EV_IRQHandler                                build/startup_stm32f103xe.o
MX_ALL_OF_UART_Init                               build/Control_usart.o
                                                  build/main.o
MX_GPIO_Init                                      build/gpio.o
                                                  build/main.o
MX_SINGLE_OF_UART_Init                            build/Control_usart.o
MemManage_Handler                                 build/stm32f1xx_it.o
NMI_Handler                                       build/stm32f1xx_it.o
PVD_IRQHandler                                    build/startup_stm32f103xe.o
P_printf                                          build/Control_usart.o
PendSV_Handler                                    build/stm32f1xx_it.o
RCC_IRQHandler                                    build/startup_stm32f103xe.o
RTC_Alarm_IRQHandler                              build/startup_stm32f103xe.o
RTC_IRQHandler                                    build/startup_stm32f103xe.o
Reset_Handler                                     build/startup_stm32f103xe.o
SDIO_IRQHandler                                   build/startup_stm32f103xe.o
SPI1_IRQHandler                                   build/startup_stm32f103xe.o
SPI2_IRQHandler                                   build/startup_stm32f103xe.o
SPI3_IRQHandler                                   build/startup_stm32f103xe.o
SVC_Handler                                       build/stm32f1xx_it.o
SysTick_Handler                                   build/stm32f1xx_it.o
SystemClock_Config                                build/main.o
SystemCoreClock                                   build/system_stm32f1xx.o
                                                  build/stm32f1xx_hal_rcc.o
                                                  build/stm32f1xx_hal.o
SystemCoreClockUpdate                             build/system_stm32f1xx.o
SystemInit                                        build/system_stm32f1xx.o
                                                  build/startup_stm32f103xe.o
TAMPER_IRQHandler                                 build/startup_stm32f103xe.o
TIM1_BRK_IRQHandler                               build/startup_stm32f103xe.o
TIM1_CC_IRQHandler                                build/startup_stm32f103xe.o
TIM1_TRG_COM_IRQHandler                           build/startup_stm32f103xe.o
TIM1_UP_IRQHandler                                build/startup_stm32f103xe.o
TIM2_IRQHandler                                   build/startup_stm32f103xe.o
TIM3_IRQHandler                                   build/startup_stm32f103xe.o
TIM4_IRQHandler                                   build/startup_stm32f103xe.o
TIM5_IRQHandler                                   build/startup_stm32f103xe.o
TIM6_IRQHandler                                   build/startup_stm32f103xe.o
TIM7_IRQHandler                                   build/startup_stm32f103xe.o
TIM8_BRK_IRQHandler                               build/startup_stm32f103xe.o
TIM8_CC_IRQHandler                                build/startup_stm32f103xe.o
TIM8_TRG_COM_IRQHandler                           build/startup_stm32f103xe.o
TIM8_UP_IRQHandler                                build/startup_stm32f103xe.o
UART1_RxBuff                                      build/Control_usart.o
UART2_RxBuff                                      build/Control_usart.o
UART3_RxBuff                                      build/Control_usart.o
UART4_IRQHandler                                  build/stm32f1xx_it.o
UART4_RxBuff                                      build/Control_usart.o
UART5_IRQHandler                                  build/stm32f1xx_it.o
UART5_RxBuff                                      build/Control_usart.o
UARTReceive_IDLE                                  build/Control_usart.o
                                                  build/stm32f1xx_it.o
USART1_IRQHandler                                 build/stm32f1xx_it.o
USART2_IRQHandler                                 build/stm32f1xx_it.o
USART3_IRQHandler                                 build/stm32f1xx_it.o
USBWakeUp_IRQHandler                              build/startup_stm32f103xe.o
USB_HP_CAN1_TX_IRQHandler                         build/startup_stm32f103xe.o
USB_LP_CAN1_RX0_IRQHandler                        build/startup_stm32f103xe.o
UsageFault_Handler                                build/stm32f1xx_it.o
WWDG_IRQHandler                                   build/startup_stm32f103xe.o
_Jv_RegisterClasses                               /Users/leixiaoxiang/opt/gcc-arm-none-eabi/bin/../lib/gcc/arm-none-eabi/5.4.1/armv7-m/crtbegin.o
__bss_end__                                       /Users/leixiaoxiang/opt/gcc-arm-none-eabi/bin/../lib/gcc/arm-none-eabi/5.4.1/../../../../arm-none-eabi/lib/armv7-m/crt0.o
__bss_start__                                     /Users/leixiaoxiang/opt/gcc-arm-none-eabi/bin/../lib/gcc/arm-none-eabi/5.4.1/../../../../arm-none-eabi/lib/armv7-m/crt0.o
__call_exitprocs                                  /Users/leixiaoxiang/opt/gcc-arm-none-eabi/bin/../lib/gcc/arm-none-eabi/5.4.1/../../../../arm-none-eabi/lib/armv7-m/libc_nano.a(lib_a-exit.o)
__deregister_frame_info                           /Users/leixiaoxiang/opt/gcc-arm-none-eabi/bin/../lib/gcc/arm-none-eabi/5.4.1/armv7-m/crtbegin.o
__dso_handle                                      /Users/leixiaoxiang/opt/gcc-arm-none-eabi/bin/../lib/gcc/arm-none-eabi/5.4.1/armv7-m/crtbegin.o
__init_array_end                                  /Users/leixiaoxiang/opt/gcc-arm-none-eabi/bin/../lib/gcc/arm-none-eabi/5.4.1/../../../../arm-none-eabi/lib/armv7-m/libc_nano.a(lib_a-init.o)
__init_array_start                                /Users/leixiaoxiang/opt/gcc-arm-none-eabi/bin/../lib/gcc/arm-none-eabi/5.4.1/../../../../arm-none-eabi/lib/armv7-m/libc_nano.a(lib_a-init.o)
__io_putchar                                      build/Control_usart.o
__libc_fini_array                                 /Users/leixiaoxiang/opt/gcc-arm-none-eabi/bin/../lib/gcc/arm-none-eabi/5.4.1/../../../../arm-none-eabi/lib/armv7-m/crt0.o
__libc_init_array                                 /Users/leixiaoxiang/opt/gcc-arm-none-eabi/bin/../lib/gcc/arm-none-eabi/5.4.1/../../../../arm-none-eabi/lib/armv7-m/libc_nano.a(lib_a-init.o)
                                                  build/startup_stm32f103xe.o
                                                  /Users/leixiaoxiang/opt/gcc-arm-none-eabi/bin/../lib/gcc/arm-none-eabi/5.4.1/../../../../arm-none-eabi/lib/armv7-m/crt0.o
__preinit_array_end                               /Users/leixiaoxiang/opt/gcc-arm-none-eabi/bin/../lib/gcc/arm-none-eabi/5.4.1/../../../../arm-none-eabi/lib/armv7-m/libc_nano.a(lib_a-init.o)
__preinit_array_start                             /Users/leixiaoxiang/opt/gcc-arm-none-eabi/bin/../lib/gcc/arm-none-eabi/5.4.1/../../../../arm-none-eabi/lib/armv7-m/libc_nano.a(lib_a-init.o)
__register_frame_info                             /Users/leixiaoxiang/opt/gcc-arm-none-eabi/bin/../lib/gcc/arm-none-eabi/5.4.1/armv7-m/crtbegin.o
__sf_fake_stderr                                  /Users/leixiaoxiang/opt/gcc-arm-none-eabi/bin/../lib/gcc/arm-none-eabi/5.4.1/../../../../arm-none-eabi/lib/armv7-m/libc_nano.a(lib_a-impure.o)
__sf_fake_stdin                                   /Users/leixiaoxiang/opt/gcc-arm-none-eabi/bin/../lib/gcc/arm-none-eabi/5.4.1/../../../../arm-none-eabi/lib/armv7-m/libc_nano.a(lib_a-impure.o)
__sf_fake_stdout                                  /Users/leixiaoxiang/opt/gcc-arm-none-eabi/bin/../lib/gcc/arm-none-eabi/5.4.1/../../../../arm-none-eabi/lib/armv7-m/libc_nano.a(lib_a-impure.o)
__stack                                           /Users/leixiaoxiang/opt/gcc-arm-none-eabi/bin/../lib/gcc/arm-none-eabi/5.4.1/../../../../arm-none-eabi/lib/armv7-m/crt0.o
_ebss                                             build/startup_stm32f103xe.o
_edata                                            build/startup_stm32f103xe.o
_estack                                           build/startup_stm32f103xe.o
_exit                                             /Users/leixiaoxiang/opt/gcc-arm-none-eabi/bin/../lib/gcc/arm-none-eabi/5.4.1/../../../../arm-none-eabi/lib/armv7-m/libnosys.a(_exit.o)
                                                  /Users/leixiaoxiang/opt/gcc-arm-none-eabi/bin/../lib/gcc/arm-none-eabi/5.4.1/../../../../arm-none-eabi/lib/armv7-m/libc_nano.a(lib_a-exit.o)
_fini                                             /Users/leixiaoxiang/opt/gcc-arm-none-eabi/bin/../lib/gcc/arm-none-eabi/5.4.1/armv7-m/crti.o
_global_impure_ptr                                /Users/leixiaoxiang/opt/gcc-arm-none-eabi/bin/../lib/gcc/arm-none-eabi/5.4.1/../../../../arm-none-eabi/lib/armv7-m/libc_nano.a(lib_a-impure.o)
                                                  /Users/leixiaoxiang/opt/gcc-arm-none-eabi/bin/../lib/gcc/arm-none-eabi/5.4.1/../../../../arm-none-eabi/lib/armv7-m/libc_nano.a(lib_a-exit.o)
_impure_ptr                                       /Users/leixiaoxiang/opt/gcc-arm-none-eabi/bin/../lib/gcc/arm-none-eabi/5.4.1/../../../../arm-none-eabi/lib/armv7-m/libc_nano.a(lib_a-impure.o)
_init                                             /Users/leixiaoxiang/opt/gcc-arm-none-eabi/bin/../lib/gcc/arm-none-eabi/5.4.1/armv7-m/crti.o
                                                  /Users/leixiaoxiang/opt/gcc-arm-none-eabi/bin/../lib/gcc/arm-none-eabi/5.4.1/../../../../arm-none-eabi/lib/armv7-m/libc_nano.a(lib_a-init.o)
_mainCRTStartup                                   /Users/leixiaoxiang/opt/gcc-arm-none-eabi/bin/../lib/gcc/arm-none-eabi/5.4.1/../../../../arm-none-eabi/lib/armv7-m/crt0.o
_sbss                                             build/startup_stm32f103xe.o
_sdata                                            build/startup_stm32f103xe.o
_sidata                                           build/startup_stm32f103xe.o
_start                                            /Users/leixiaoxiang/opt/gcc-arm-none-eabi/bin/../lib/gcc/arm-none-eabi/5.4.1/../../../../arm-none-eabi/lib/armv7-m/crt0.o
_write                                            build/Control_usart.o
atexit                                            /Users/leixiaoxiang/opt/gcc-arm-none-eabi/bin/../lib/gcc/arm-none-eabi/5.4.1/../../../../arm-none-eabi/lib/armv7-m/crt0.o
exit                                              /Users/leixiaoxiang/opt/gcc-arm-none-eabi/bin/../lib/gcc/arm-none-eabi/5.4.1/../../../../arm-none-eabi/lib/armv7-m/libc_nano.a(lib_a-exit.o)
                                                  /Users/leixiaoxiang/opt/gcc-arm-none-eabi/bin/../lib/gcc/arm-none-eabi/5.4.1/../../../../arm-none-eabi/lib/armv7-m/crt0.o
g_pfnVectors                                      build/startup_stm32f103xe.o
hardware_init_hook                                /Users/leixiaoxiang/opt/gcc-arm-none-eabi/bin/../lib/gcc/arm-none-eabi/5.4.1/../../../../arm-none-eabi/lib/armv7-m/crt0.o
huart1                                            build/Control_usart.o
                                                  build/stm32f1xx_it.o
huart2                                            build/Control_usart.o
                                                  build/stm32f1xx_it.o
huart3                                            build/Control_usart.o
                                                  build/stm32f1xx_it.o
huart4                                            build/Control_usart.o
                                                  build/stm32f1xx_it.o
huart5                                            build/Control_usart.o
                                                  build/stm32f1xx_it.o
main                                              build/main.o
                                                  build/startup_stm32f103xe.o
                                                  /Users/leixiaoxiang/opt/gcc-arm-none-eabi/bin/../lib/gcc/arm-none-eabi/5.4.1/../../../../arm-none-eabi/lib/armv7-m/crt0.o
memcpy                                            /Users/leixiaoxiang/opt/gcc-arm-none-eabi/bin/../lib/gcc/arm-none-eabi/5.4.1/../../../../arm-none-eabi/lib/armv7-m/libc_nano.a(lib_a-memcpy-stub.o)
                                                  build/Control_usart.o
memset                                            /Users/leixiaoxiang/opt/gcc-arm-none-eabi/bin/../lib/gcc/arm-none-eabi/5.4.1/../../../../arm-none-eabi/lib/armv7-m/libc_nano.a(lib_a-memset.o)
                                                  build/Control_usart.o
                                                  build/main.o
                                                  /Users/leixiaoxiang/opt/gcc-arm-none-eabi/bin/../lib/gcc/arm-none-eabi/5.4.1/../../../../arm-none-eabi/lib/armv7-m/crt0.o
pFlash                                            build/stm32f1xx_hal_flash.o
                                                  build/stm32f1xx_hal_flash_ex.o
software_init_hook                                /Users/leixiaoxiang/opt/gcc-arm-none-eabi/bin/../lib/gcc/arm-none-eabi/5.4.1/../../../../arm-none-eabi/lib/armv7-m/crt0.o
uwTick                                            build/stm32f1xx_hal.o
uwTickFreq                                        build/stm32f1xx_hal.o
uwTickPrio                                        build/stm32f1xx_hal.o
                                                  build/stm32f1xx_hal_rcc.o
